Archive member included to satisfy reference by file (symbol)

C:/ST/STM32CubeIDE_1.19.0/STM32CubeIDE/plugins/com.st.stm32cube.ide.mcu.externaltools.gnu-tools-for-stm32.13.3.rel1.win32_1.0.100.202509120712/tools/bin/../lib/gcc/arm-none-eabi/13.3.1/../../../../arm-none-eabi/lib/thumb/v7e-m+fp/hard\libc_nano.a(libc_a-exit.o)
                              C:/ST/STM32CubeIDE_1.19.0/STM32CubeIDE/plugins/com.st.stm32cube.ide.mcu.externaltools.gnu-tools-for-stm32.13.3.rel1.win32_1.0.100.202509120712/tools/bin/../lib/gcc/arm-none-eabi/13.3.1/../../../../arm-none-eabi/lib/thumb/v7e-m+fp/hard/crt0.o (exit)
C:/ST/STM32CubeIDE_1.19.0/STM32CubeIDE/plugins/com.st.stm32cube.ide.mcu.externaltools.gnu-tools-for-stm32.13.3.rel1.win32_1.0.100.202509120712/tools/bin/../lib/gcc/arm-none-eabi/13.3.1/../../../../arm-none-eabi/lib/thumb/v7e-m+fp/hard\libc_nano.a(libc_a-findfp.o)
                              C:/ST/STM32CubeIDE_1.19.0/STM32CubeIDE/plugins/com.st.stm32cube.ide.mcu.externaltools.gnu-tools-for-stm32.13.3.rel1.win32_1.0.100.202509120712/tools/bin/../lib/gcc/arm-none-eabi/13.3.1/../../../../arm-none-eabi/lib/thumb/v7e-m+fp/hard\libc_nano.a(libc_a-exit.o) (__stdio_exit_handler)
C:/ST/STM32CubeIDE_1.19.0/STM32CubeIDE/plugins/com.st.stm32cube.ide.mcu.externaltools.gnu-tools-for-stm32.13.3.rel1.win32_1.0.100.202509120712/tools/bin/../lib/gcc/arm-none-eabi/13.3.1/../../../../arm-none-eabi/lib/thumb/v7e-m+fp/hard\libc_nano.a(libc_a-fwalk.o)
                              C:/ST/STM32CubeIDE_1.19.0/STM32CubeIDE/plugins/com.st.stm32cube.ide.mcu.externaltools.gnu-tools-for-stm32.13.3.rel1.win32_1.0.100.202509120712/tools/bin/../lib/gcc/arm-none-eabi/13.3.1/../../../../arm-none-eabi/lib/thumb/v7e-m+fp/hard\libc_nano.a(libc_a-findfp.o) (_fwalk_sglue)
C:/ST/STM32CubeIDE_1.19.0/STM32CubeIDE/plugins/com.st.stm32cube.ide.mcu.externaltools.gnu-tools-for-stm32.13.3.rel1.win32_1.0.100.202509120712/tools/bin/../lib/gcc/arm-none-eabi/13.3.1/../../../../arm-none-eabi/lib/thumb/v7e-m+fp/hard\libc_nano.a(libc_a-snprintf.o)
                              ./Core/Src/main.o (snprintf)
C:/ST/STM32CubeIDE_1.19.0/STM32CubeIDE/plugins/com.st.stm32cube.ide.mcu.externaltools.gnu-tools-for-stm32.13.3.rel1.win32_1.0.100.202509120712/tools/bin/../lib/gcc/arm-none-eabi/13.3.1/../../../../arm-none-eabi/lib/thumb/v7e-m+fp/hard\libc_nano.a(libc_a-stdio.o)
                              C:/ST/STM32CubeIDE_1.19.0/STM32CubeIDE/plugins/com.st.stm32cube.ide.mcu.externaltools.gnu-tools-for-stm32.13.3.rel1.win32_1.0.100.202509120712/tools/bin/../lib/gcc/arm-none-eabi/13.3.1/../../../../arm-none-eabi/lib/thumb/v7e-m+fp/hard\libc_nano.a(libc_a-findfp.o) (__sread)
C:/ST/STM32CubeIDE_1.19.0/STM32CubeIDE/plugins/com.st.stm32cube.ide.mcu.externaltools.gnu-tools-for-stm32.13.3.rel1.win32_1.0.100.202509120712/tools/bin/../lib/gcc/arm-none-eabi/13.3.1/../../../../arm-none-eabi/lib/thumb/v7e-m+fp/hard\libc_nano.a(libc_a-memset.o)
                              C:/ST/STM32CubeIDE_1.19.0/STM32CubeIDE/plugins/com.st.stm32cube.ide.mcu.externaltools.gnu-tools-for-stm32.13.3.rel1.win32_1.0.100.202509120712/tools/bin/../lib/gcc/arm-none-eabi/13.3.1/../../../../arm-none-eabi/lib/thumb/v7e-m+fp/hard/crt0.o (memset)
C:/ST/STM32CubeIDE_1.19.0/STM32CubeIDE/plugins/com.st.stm32cube.ide.mcu.externaltools.gnu-tools-for-stm32.13.3.rel1.win32_1.0.100.202509120712/tools/bin/../lib/gcc/arm-none-eabi/13.3.1/../../../../arm-none-eabi/lib/thumb/v7e-m+fp/hard\libc_nano.a(libc_a-strstr.o)
                              ./Core/Src/main.o (strstr)
C:/ST/STM32CubeIDE_1.19.0/STM32CubeIDE/plugins/com.st.stm32cube.ide.mcu.externaltools.gnu-tools-for-stm32.13.3.rel1.win32_1.0.100.202509120712/tools/bin/../lib/gcc/arm-none-eabi/13.3.1/../../../../arm-none-eabi/lib/thumb/v7e-m+fp/hard\libc_nano.a(libc_a-closer.o)
                              C:/ST/STM32CubeIDE_1.19.0/STM32CubeIDE/plugins/com.st.stm32cube.ide.mcu.externaltools.gnu-tools-for-stm32.13.3.rel1.win32_1.0.100.202509120712/tools/bin/../lib/gcc/arm-none-eabi/13.3.1/../../../../arm-none-eabi/lib/thumb/v7e-m+fp/hard\libc_nano.a(libc_a-stdio.o) (_close_r)
C:/ST/STM32CubeIDE_1.19.0/STM32CubeIDE/plugins/com.st.stm32cube.ide.mcu.externaltools.gnu-tools-for-stm32.13.3.rel1.win32_1.0.100.202509120712/tools/bin/../lib/gcc/arm-none-eabi/13.3.1/../../../../arm-none-eabi/lib/thumb/v7e-m+fp/hard\libc_nano.a(libc_a-reent.o)
                              C:/ST/STM32CubeIDE_1.19.0/STM32CubeIDE/plugins/com.st.stm32cube.ide.mcu.externaltools.gnu-tools-for-stm32.13.3.rel1.win32_1.0.100.202509120712/tools/bin/../lib/gcc/arm-none-eabi/13.3.1/../../../../arm-none-eabi/lib/thumb/v7e-m+fp/hard\libc_nano.a(libc_a-closer.o) (errno)
C:/ST/STM32CubeIDE_1.19.0/STM32CubeIDE/plugins/com.st.stm32cube.ide.mcu.externaltools.gnu-tools-for-stm32.13.3.rel1.win32_1.0.100.202509120712/tools/bin/../lib/gcc/arm-none-eabi/13.3.1/../../../../arm-none-eabi/lib/thumb/v7e-m+fp/hard\libc_nano.a(libc_a-impure.o)
[...]
Memory Configuration

Name             Origin             Length             Attributes
RAM              0x20000000         0x00020000         xrw
RAM2             0x10000000         0x00008000         xrw
FLASH            0x08000000         0x00080000         xr
*default*        0x00000000         0xffffffff

Linker script and memory map

LOAD C:/ST/STM32CubeIDE_1.19.0/STM32CubeIDE/plugins/com.st.stm32cube.ide.mcu.externaltools.gnu-tools-for-stm32.13.3.rel1.win32_1.0.100.202509120712/tools/bin/../lib/gcc/arm-none-eabi/13.3.1/thumb/v7e-m+fp/hard/crti.o
LOAD C:/ST/STM32CubeIDE_1.19.0/STM32CubeIDE/plugins/com.st.stm32cube.ide.mcu.externaltools.gnu-tools-for-stm32.13.3.rel1.win32_1.0.100.202509120712/tools/bin/../lib/gcc/arm-none-eabi/13.3.1/thumb/v7e-m+fp/hard/crtbegin.o
LOAD C:/ST/STM32CubeIDE_1.19.0/STM32CubeIDE/plugins/com.st.stm32cube.ide.mcu.externaltools.gnu-tools-for-stm32.13.3.rel1.win32_1.0.100.202509120712/tools/bin/../lib/gcc/arm-none-eabi/13.3.1/../../../../arm-none-eabi/lib/thumb/v7e-m+fp/hard/crt0.o
LOAD ./Core/Src/main.o
LOAD ./Core/Src/stm32l4xx_hal_msp.o
LOAD ./Core/Src/stm32l4xx_it.o
LOAD ./Core/Src/syscalls.o
LOAD ./Core/Src/sysmem.o
LOAD ./Core/Src/system_stm32l4xx.o
LOAD ./Core/Startup/startup_stm32l452retx.o
LOAD ./Drivers/STM32L4xx_HAL_Driver/Src/stm32l4xx_hal.o
LOAD ./Drivers/STM32L4xx_HAL_Driver/Src/stm32l4xx_hal_cortex.o
LOAD ./Drivers/STM32L4xx_HAL_Driver/Src/stm32l4xx_hal_dma.o
LOAD ./Drivers/STM32L4xx_HAL_Driver/Src/stm32l4xx_hal_dma_ex.o
LOAD ./Drivers/STM32L4xx_HAL_Driver/Src/stm32l4xx_hal_exti.o
LOAD ./Drivers/STM32L4xx_HAL_Driver/Src/stm32l4xx_hal_flash.o
LOAD ./Drivers/STM32L4xx_HAL_Driver/Src/stm32l4xx_hal_flash_ex.o
LOAD ./Drivers/STM32L4xx_HAL_Driver/Src/stm32l4xx_hal_flash_ramfunc.o
LOAD ./Drivers/STM32L4xx_HAL_Driver/Src/stm32l4xx_hal_gpio.o
LOAD ./Drivers/STM32L4xx_HAL_Driver/Src/stm32l4xx_hal_i2c.o
LOAD ./Drivers/STM32L4xx_HAL_Driver/Src/stm32l4xx_hal_i2c_ex.o
LOAD ./Drivers/STM32L4xx_HAL_Driver/Src/stm32l4xx_hal_mmc.o
LOAD ./Drivers/STM32L4xx_HAL_Driver/Src/stm32l4xx_hal_mmc_ex.o
LOAD ./Drivers/STM32L4xx_HAL_Driver/Src/stm32l4xx_hal_pwr.o
LOAD ./Drivers/STM32L4xx_HAL_Driver/Src/stm32l4xx_hal_pwr_ex.o
LOAD ./Drivers/STM32L4xx_HAL_Driver/Src/stm32l4xx_hal_rcc.o
LOAD ./Drivers/STM32L4xx_HAL_Driver/Src/stm32l4xx_hal_rcc_ex.o
LOAD ./Drivers/STM32L4xx_HAL_Driver/Src/stm32l4xx_hal_rtc.o
LOAD ./Drivers/STM32L4xx_HAL_Driver/Src/stm32l4xx_hal_rtc_ex.o
LOAD ./Drivers/STM32L4xx_HAL_Driver/Src/stm32l4xx_hal_sd.o
LOAD ./Drivers/STM32L4xx_HAL_Driver/Src/stm32l4xx_hal_sd_ex.o
LOAD ./Drivers/STM32L4xx_HAL_Driver/Src/stm32l4xx_hal_spi.o
LOAD ./Drivers/STM32L4xx_HAL_Driver/Src/stm32l4xx_hal_spi_ex.o
LOAD ./Drivers/STM32L4xx_HAL_Driver/Src/stm32l4xx_hal_uart.o
LOAD ./Drivers/STM32L4xx_HAL_Driver/Src/stm32l4xx_hal_uart_ex.o
LOAD ./Drivers/STM32L4xx_HAL_Driver/Src/stm32l4xx_ll_sdmmc.o
LOAD ./FATFS/App/fatfs.o
LOAD ./FATFS/Target/bsp_driver_sd.o
LOAD ./FATFS/Target/sd_diskio.o
LOAD ./Middlewares/Third_Party/FatFs/src/diskio.o
LOAD ./Middlewares/Third_Party/FatFs/src/ff.o
LOAD ./Middlewares/Third_Party/FatFs/src/ff_gen_drv.o
LOAD ./Middlewares/Third_Party/FatFs/src/option/ccsbcs.o
LOAD ./Middlewares/Third_Party/FatFs/src/option/syscall.o
START GROUP
LOAD C:/ST/STM32CubeIDE_1.19.0/STM32CubeIDE/plugins/com.st.stm32cube.ide.mcu.externaltools.gnu-tools-for-stm32.13.3.rel1.win32_1.0.100.202509120712/tools/bin/../lib/gcc/arm-none-eabi/13.3.1/../../../../arm-none-eabi/lib/thumb/v7e-m+fp/hard\libstdc++_nano.a
LOAD C:/ST/STM32CubeIDE_1.19.0/STM32CubeIDE/plugins/com.st.stm32cube.ide.mcu.externaltools.gnu-tools-for-stm32.13.3.rel1.win32_1.0.100.202509120712/tools/bin/../lib/gcc/arm-none-eabi/13.3.1/../../../../arm-none-eabi/lib/thumb/v7e-m+fp/hard\libsupc++_nano.a
END GROUP
LOAD C:/ST/STM32CubeIDE_1.19.0/STM32CubeIDE/plugins/com.st.stm32cube.ide.mcu.externaltools.gnu-tools-for-stm32.13.3.rel1.win32_1.0.100.202509120712/tools/bin/../lib/gcc/arm-none-eabi/13.3.1/../../../../arm-none-eabi/lib/thumb/v7e-m+fp/hard\libstdc++_nano.a
LOAD C:/ST/STM32CubeIDE_1.19.0/STM32CubeIDE/plugins/com.st.stm32cube.ide.mcu.externaltools.gnu-tools-for-stm32.13.3.rel1.win32_1.0.100.202509120712/tools/bin/../lib/gcc/arm-none-eabi/13.3.1/../../../../arm-none-eabi/lib/thumb/v7e-m+fp/hard\libm.a
LOAD C:/ST/STM32CubeIDE_1.19.0/STM32CubeIDE/plugins/com.st.stm32cube.ide.mcu.externaltools.gnu-tools-for-stm32.13.3.rel1.win32_1.0.100.202509120712/tools/bin/../lib/gcc/arm-none-eabi/13.3.1/../../../../arm-none-eabi/lib/thumb/v7e-m+fp/hard\libc_nano.a
START GROUP
LOAD C:/ST/STM32CubeIDE_1.19.0/STM32CubeIDE/plugins/com.st.stm32cube.ide.mcu.externaltools.gnu-tools-for-stm32.13.3.rel1.win32_1.0.100.202509120712/tools/bin/../lib/gcc/arm-none-eabi/13.3.1/thumb/v7e-m+fp/hard\libgcc.a
LOAD C:/ST/STM32CubeIDE_1.19.0/STM32CubeIDE/plugins/com.st.stm32cube.ide.mcu.externaltools.gnu-tools-for-stm32.13.3.rel1.win32_1.0.100.202509120712/tools/bin/../lib/gcc/arm-none-eabi/13.3.1/../../../../arm-none-eabi/lib/thumb/v7e-m+fp/hard\libc_nano.a
END GROUP
START GROUP
LOAD C:/ST/STM32CubeIDE_1.19.0/STM32CubeIDE/plugins/com.st.stm32cube.ide.mcu.externaltools.gnu-tools-for-stm32.13.3.rel1.win32_1.0.100.202509120712/tools/bin/../lib/gcc/arm-none-eabi/13.3.1/thumb/v7e-m+fp/hard\libgcc.a
LOAD C:/ST/STM32CubeIDE_1.19.0/STM32CubeIDE/plugins/com.st.stm32cube.ide.mcu.externaltools.gnu-tools-for-stm32.13.3.rel1.win32_1.0.100.202509120712/tools/bin/../lib/gcc/arm-none-eabi/13.3.1/../../../../arm-none-eabi/lib/thumb/v7e-m+fp/hard\libc_nano.a
LOAD C:/ST/STM32CubeIDE_1.19.0/STM32CubeIDE/plugins/com.st.stm32cube.ide.mcu.externaltools.gnu-tools-for-stm32.13.3.rel1.win32_1.0.100.202509120712/tools/bin/../lib/gcc/arm-none-eabi/13.3.1/../../../../arm-none-eabi/lib/thumb/v7e-m+fp/hard\libnosys.a
END GROUP
START GROUP
LOAD C:/ST/STM32CubeIDE_1.19.0/STM32CubeIDE/plugins/com.st.stm32cube.ide.mcu.externaltools.gnu-tools-for-stm32.13.3.rel1.win32_1.0.100.202509120712/tools/bin/../lib/gcc/arm-none-eabi/13.3.1/thumb/v7e-m+fp/hard\libgcc.a
LOAD C:/ST/STM32CubeIDE_1.19.0/STM32CubeIDE/plugins/com.st.stm32cube.ide.mcu.externaltools.gnu-tools-for-stm32.13.3.rel1.win32_1.0.100.202509120712/tools/bin/../lib/gcc/arm-none-eabi/13.3.1/../../../../arm-none-eabi/lib/thumb/v7e-m+fp/hard\libc_nano.a
LOAD C:/ST/STM32CubeIDE_1.19.0/STM32CubeIDE/plugins/com.st.stm32cube.ide.mcu.externaltools.gnu-tools-for-stm32.13.3.rel1.win32_1.0.100.202509120712/tools/bin/../lib/gcc/arm-none-eabi/13.3.1/../../../../arm-none-eabi/lib/thumb/v7e-m+fp/hard\libnosys.a
END GROUP
LOAD C:/ST/STM32CubeIDE_1.19.0/STM32CubeIDE/plugins/com.st.stm32cube.ide.mcu.externaltools.gnu-tools-for-stm32.13.3.rel1.win32_1.0.100.202509120712/tools/bin/../lib/gcc/arm-none-eabi/13.3.1/thumb/v7e-m+fp/hard/crtend.o
LOAD C:/ST/STM32CubeIDE_1.19.0/STM32CubeIDE/plugins/com.st.stm32cube.ide.mcu.externaltools.gnu-tools-for-stm32.13.3.rel1.win32_1.0.100.202509120712/tools/bin/../lib/gcc/arm-none-eabi/13.3.1/thumb/v7e-m+fp/hard/crtn.o
                0x20020000                        _estack = (ORIGIN (RAM) + LENGTH (RAM))
                0x00000200                        _Min_Heap_Size = 0x200
                0x00000400                        _Min_Stack_Size = 0x400

.isr_vector     0x08000000      0x194
                0x08000000                        . = ALIGN (0x4)
 *(.isr_vector)
 .isr_vector    0x08000000      0x194 ./Core/Startup/startup_stm32l452retx.o
                0x08000000                g_pfnVectors
                0x08000194                        . = ALIGN (0x4)

.text           0x080001a0     0xd0d8
                0x080001a0                        . = ALIGN (0x4)
 *(.text)
 .text          0x080001a0       0x40 C:/ST/STM32CubeIDE_1.19.0/STM32CubeIDE/plugins/com.st.stm32cube.ide.mcu.externaltools.gnu-tools-for-stm32.13.3.rel1.win32_1.0.100.202509120712/tools/bin/../lib/gcc/arm-none-eabi/13.3.1/thumb/v7e-m+fp/hard/crtbegin.o
 .text          0x080001e0       0x10 C:/ST/STM32CubeIDE_1.19.0/STM32CubeIDE/plugins/com.st.stm32cube.ide.mcu.externaltools.gnu-tools-for-stm32.13.3.rel1.win32_1.0.100.202509120712/tools/bin/../lib/gcc/arm-none-eabi/13.3.1/../../../../arm-none-eabi/lib/thumb/v7e-m+fp/hard\libc_nano.a(libc_a-strlen.o)
                0x080001e0                strlen
 .text          0x080001f0       0xa0 C:/ST/STM32CubeIDE_1.19.0/STM32CubeIDE/plugins/com.st.stm32cube.ide.mcu.externaltools.gnu-tools-for-stm32.13.3.rel1.win32_1.0.100.202509120712/tools/bin/../lib/gcc/arm-none-eabi/13.3.1/../../../../arm-none-eabi/lib/thumb/v7e-m+fp/hard\libc_nano.a(libc_a-memchr.o)
                0x080001f0                memchr
 .text          0x08000290       0x30 C:/ST/STM32CubeIDE_1.19.0/STM32CubeIDE/plugins/com.st.stm32cube.ide.mcu.externaltools.gnu-tools-for-stm32.13.3.rel1.win32_1.0.100.202509120712/tools/bin/../lib/gcc/arm-none-eabi/13.3.1/thumb/v7e-m+fp/hard\libgcc.a(_aeabi_uldivmod.o)
                0x08000290                __aeabi_uldivmod
 .text          0x080002c0      0x2f8 C:/ST/STM32CubeIDE_1.19.0/STM32CubeIDE/plugins/com.st.stm32cube.ide.mcu.externaltools.gnu-tools-for-stm32.13.3.rel1.win32_1.0.100.202509120712/tools/bin/../lib/gcc/arm-none-eabi/13.3.1/thumb/v7e-m+fp/hard\libgcc.a(_udivmoddi4.o)
                0x080002c0                __udivmoddi4
 .text          0x080005b8        0x4 C:/ST/STM32CubeIDE_1.19.0/STM32CubeIDE/plugins/com.st.stm32cube.ide.mcu.externaltools.gnu-tools-for-stm32.13.3.rel1.win32_1.0.100.202509120712/tools/bin/../lib/gcc/arm-none-eabi/13.3.1/thumb/v7e-m+fp/hard\libgcc.a(_dvmd_tls.o)
                0x080005b8                __aeabi_idiv0
                0x080005b8                __aeabi_ldiv0
 *(.text*)
 .text.ADS_CS_Low
                0x080005bc       0x1a ./Core/Src/main.o
 .text.ADS_CS_High
                0x080005d6       0x1a ./Core/Src/main.o
 .text.ADS_SendCommand
                0x080005f0       0x30 ./Core/Src/main.o
 .text.ADS_WriteReg
                0x08000620       0x5c ./Core/Src/main.o
 .text.ADS_ReadReg
                0x0800067c       0x68 ./Core/Src/main.o
 .text.ADS_Init
                0x080006e4      0x158 ./Core/Src/main.o
 .text.ADS_ReadData
                0x0800083c       0xcc ./Core/Src/main.o
 .text.Modem_PowerOn
                0x08000908       0xd4 ./Core/Src/main.o
 .text.Modem_PowerOff
                0x080009dc       0x50 ./Core/Src/main.o
 .text.Send_AT_Command
                0x08000a2c       0xbc ./Core/Src/main.o
                0x08000a2c                Send_AT_Command
 .text.Modem_SendRaw
                0x08000ae8       0x28 ./Core/Src/main.o
 .text.Upload_File
                0x08000b10      0x3ec ./Core/Src/main.o
 .text.Rename_File
                0x08000efc       0x1a ./Core/Src/main.o
 *fill*         0x08000f16        0x2 
 .text.main     0x08000f18      0x678 ./Core/Src/main.o
                0x08000f18                main
 .text.SystemClock_Config
                0x08001590       0xcc ./Core/Src/main.o
                0x08001590                SystemClock_Config
 .text.MX_I2C1_Init
                0x0800165c       0x80 ./Core/Src/main.o
 .text.MX_RTC_Init
                0x080016dc      0x114 ./Core/Src/main.o
 .text.MX_SDMMC1_SD_Init
                0x080017f0       0x60 ./Core/Src/main.o
 .text.MX_SPI1_Init
                0x08001850       0x7c ./Core/Src/main.o
 .text.MX_USART1_UART_Init
                0x080018cc       0x60 ./Core/Src/main.o
 .text.MX_GPIO_Init
                0x0800192c      0x140 ./Core/Src/main.o
 .text.Error_Handler
                0x08001a6c        0xc ./Core/Src/main.o
                0x08001a6c                Error_Handler
 .text.HAL_MspInit
                0x08001a78       0x48 ./Core/Src/stm32l4xx_hal_msp.o
                0x08001a78                HAL_MspInit
 .text.HAL_I2C_MspInit
                0x08001ac0       0xb8 ./Core/Src/stm32l4xx_hal_msp.o
                0x08001ac0                HAL_I2C_MspInit
 .text.HAL_RTC_MspInit
                0x08001b78       0x60 ./Core/Src/stm32l4xx_hal_msp.o
                0x08001b78                HAL_RTC_MspInit
 .text.HAL_SD_MspInit
                0x08001bd8      0x120 ./Core/Src/stm32l4xx_hal_msp.o
                0x08001bd8                HAL_SD_MspInit
 .text.HAL_SPI_MspInit
                0x08001cf8       0x84 ./Core/Src/stm32l4xx_hal_msp.o
                0x08001cf8                HAL_SPI_MspInit
 .text.HAL_UART_MspInit
                0x08001d7c       0xb8 ./Core/Src/stm32l4xx_hal_msp.o
                0x08001d7c                HAL_UART_MspInit
 .text.NMI_Handler
                0x08001e34        0x8 ./Core/Src/stm32l4xx_it.o
                0x08001e34                NMI_Handler
 .text.HardFault_Handler
                0x08001e3c        0x8 ./Core/Src/stm32l4xx_it.o
                0x08001e3c                HardFault_Handler
 .text.MemManage_Handler
                0x08001e44        0x8 ./Core/Src/stm32l4xx_it.o
                0x08001e44                MemManage_Handler
 .text.BusFault_Handler
                0x08001e4c        0x8 ./Core/Src/stm32l4xx_it.o
                0x08001e4c                BusFault_Handler
 .text.UsageFault_Handler
                0x08001e54        0x8 ./Core/Src/stm32l4xx_it.o
                0x08001e54                UsageFault_Handler
 .text.SVC_Handler
                0x08001e5c        0xe ./Core/Src/stm32l4xx_it.o
                0x08001e5c                SVC_Handler
 .text.DebugMon_Handler
                0x08001e6a        0xe ./Core/Src/stm32l4xx_it.o
                0x08001e6a                DebugMon_Handler
 .text.PendSV_Handler
                0x08001e78        0xe ./Core/Src/stm32l4xx_it.o
                0x08001e78                PendSV_Handler
 .text.SysTick_Handler
                0x08001e86        0xc ./Core/Src/stm32l4xx_it.o
                0x08001e86                SysTick_Handler
 *fill*         0x08001e92        0x2 
 .text._sbrk    0x08001e94       0x6c ./Core/Src/sysmem.o
                0x08001e94                _sbrk
 .text.SystemInit
                0x08001f00       0x24 ./Core/Src/system_stm32l4xx.o
                0x08001f00                SystemInit
 .text.Reset_Handler
                0x08001f24       0x50 ./Core/Startup/startup_stm32l452retx.o
                0x08001f24                Reset_Handler
 .text.Default_Handler
                0x08001f74        0x2 ./Core/Startup/startup_stm32l452retx.o
                0x08001f74                RTC_Alarm_IRQHandler
                0x08001f74                EXTI2_IRQHandler
                0x08001f74                TIM1_CC_IRQHandler
                0x08001f74                TSC_IRQHandler
                0x08001f74                TAMP_STAMP_IRQHandler
                0x08001f74                EXTI3_IRQHandler
                0x08001f74                LPTIM2_IRQHandler
                0x08001f74                DFSDM1_FLT1_IRQHandler
                0x08001f74                I2C3_ER_IRQHandler
                0x08001f74                EXTI0_IRQHandler
                0x08001f74                I2C2_EV_IRQHandler
                0x08001f74                CAN1_RX0_IRQHandler
                0x08001f74                FPU_IRQHandler
                0x08001f74                TIM1_UP_TIM16_IRQHandler
                0x08001f74                SPI1_IRQHandler
                0x08001f74                TIM6_DAC_IRQHandler
                0x08001f74                DMA2_Channel2_IRQHandler
                0x08001f74                DMA1_Channel4_IRQHandler
                0x08001f74                ADC1_IRQHandler
                0x08001f74                USART3_IRQHandler
                0x08001f74                DMA1_Channel7_IRQHandler
                0x08001f74                CAN1_RX1_IRQHandler
                0x08001f74                DMA2_Channel1_IRQHandler
                0x08001f74                QUADSPI_IRQHandler
                0x08001f74                I2C1_EV_IRQHandler
                0x08001f74                DMA1_Channel6_IRQHandler
                0x08001f74                UART4_IRQHandler
                0x08001f74                DMA2_Channel4_IRQHandler
                0x08001f74                TIM3_IRQHandler
                0x08001f74                RCC_IRQHandler
                0x08001f74                TIM1_TRG_COM_IRQHandler
                0x08001f74                DMA1_Channel1_IRQHandler
                0x08001f74                Default_Handler
                0x08001f74                DMA2_Channel7_IRQHandler
                0x08001f74                EXTI15_10_IRQHandler
                0x08001f74                SDMMC1_IRQHandler
                0x08001f74                I2C3_EV_IRQHandler
                0x08001f74                USB_IRQHandler
                0x08001f74                EXTI9_5_IRQHandler
                0x08001f74                RTC_WKUP_IRQHandler
                0x08001f74                PVD_PVM_IRQHandler
                0x08001f74                SPI2_IRQHandler
                0x08001f74                CAN1_TX_IRQHandler
                0x08001f74                DMA2_Channel5_IRQHandler
                0x08001f74                CRS_IRQHandler
                0x08001f74                DMA1_Channel5_IRQHandler
                0x08001f74                EXTI4_IRQHandler
                0x08001f74                RNG_IRQHandler
                0x08001f74                DMA1_Channel3_IRQHandler
                0x08001f74                COMP_IRQHandler
                0x08001f74                WWDG_IRQHandler
                0x08001f74                I2C4_EV_IRQHandler
                0x08001f74                LPUART1_IRQHandler
                0x08001f74                DMA2_Channel6_IRQHandler
                0x08001f74                TIM2_IRQHandler
                0x08001f74                EXTI1_IRQHandler
                0x08001f74                USART2_IRQHandler
                0x08001f74                DFSDM1_FLT0_IRQHandler
                0x08001f74                I2C2_ER_IRQHandler
                0x08001f74                DMA1_Channel2_IRQHandler
                0x08001f74                CAN1_SCE_IRQHandler
                0x08001f74                FLASH_IRQHandler
                0x08001f74                USART1_IRQHandler
                0x08001f74                SPI3_IRQHandler
                0x08001f74                I2C1_ER_IRQHandler
                0x08001f74                LPTIM1_IRQHandler
                0x08001f74                I2C4_ER_IRQHandler
                0x08001f74                SAI1_IRQHandler
                0x08001f74                DMA2_Channel3_IRQHandler
                0x08001f74                TIM1_BRK_TIM15_IRQHandler
 .text.HAL_Init
                0x08001f76       0x30 ./Drivers/STM32L4xx_HAL_Driver/Src/stm32l4xx_hal.o
                0x08001f76                HAL_Init
 *fill*         0x08001fa6        0x2 
 .text.HAL_InitTick
                0x08001fa8       0x78 ./Drivers/STM32L4xx_HAL_Driver/Src/stm32l4xx_hal.o
                0x08001fa8                HAL_InitTick
 .text.HAL_IncTick
                0x08002020       0x28 ./Drivers/STM32L4xx_HAL_Driver/Src/stm32l4xx_hal.o
                0x08002020                HAL_IncTick
 .text.HAL_GetTick
                0x08002048       0x18 ./Drivers/STM32L4xx_HAL_Driver/Src/stm32l4xx_hal.o
                0x08002048                HAL_GetTick
 .text.HAL_Delay
                0x08002060       0x48 ./Drivers/STM32L4xx_HAL_Driver/Src/stm32l4xx_hal.o
                0x08002060                HAL_Delay
 .text.__NVIC_SetPriorityGrouping
                0x080020a8       0x48 ./Drivers/STM32L4xx_HAL_Driver/Src/stm32l4xx_hal_cortex.o
 .text.__NVIC_GetPriorityGrouping
                0x080020f0       0x1c ./Drivers/STM32L4xx_HAL_Driver/Src/stm32l4xx_hal_cortex.o
 .text.__NVIC_SetPriority
                0x0800210c       0x54 ./Drivers/STM32L4xx_HAL_Driver/Src/stm32l4xx_hal_cortex.o
 .text.NVIC_EncodePriority
                0x08002160       0x66 ./Drivers/STM32L4xx_HAL_Driver/Src/stm32l4xx_hal_cortex.o
 *fill*         0x080021c6        0x2 
 .text.SysTick_Config
                0x080021c8       0x44 ./Drivers/STM32L4xx_HAL_Driver/Src/stm32l4xx_hal_cortex.o
 .text.HAL_NVIC_SetPriorityGrouping
                0x0800220c       0x16 ./Drivers/STM32L4xx_HAL_Driver/Src/stm32l4xx_hal_cortex.o
                0x0800220c                HAL_NVIC_SetPriorityGrouping
 .text.HAL_NVIC_SetPriority
                0x08002222       0x38 ./Drivers/STM32L4xx_HAL_Driver/Src/stm32l4xx_hal_cortex.o
                0x08002222                HAL_NVIC_SetPriority
 .text.HAL_SYSTICK_Config
                0x0800225a       0x18 ./Drivers/STM32L4xx_HAL_Driver/Src/stm32l4xx_hal_cortex.o
                0x0800225a                HAL_SYSTICK_Config
 *fill*         0x08002272        0x2 
 .text.HAL_GPIO_Init
                0x08002274      0x2f4 ./Drivers/STM32L4xx_HAL_Driver/Src/stm32l4xx_hal_gpio.o
                0x08002274                HAL_GPIO_Init
 .text.HAL_GPIO_ReadPin
                0x08002568       0x30 ./Drivers/STM32L4xx_HAL_Driver/Src/stm32l4xx_hal_gpio.o
                0x08002568                HAL_GPIO_ReadPin
 .text.HAL_GPIO_WritePin
                0x08002598       0x30 ./Drivers/STM32L4xx_HAL_Driver/Src/stm32l4xx_hal_gpio.o
                0x08002598                HAL_GPIO_WritePin
 .text.HAL_I2C_Init
                0x080025c8      0x136 ./Drivers/STM32L4xx_HAL_Driver/Src/stm32l4xx_hal_i2c.o
                0x080025c8                HAL_I2C_Init
 *fill*         0x080026fe        0x2 
 .text.HAL_I2C_Mem_Write
                0x08002700      0x228 ./Drivers/STM32L4xx_HAL_Driver/Src/stm32l4xx_hal_i2c.o
                0x08002700                HAL_I2C_Mem_Write
 .text.HAL_I2C_Mem_Read
                0x08002928      0x234 ./Drivers/STM32L4xx_HAL_Driver/Src/stm32l4xx_hal_i2c.o
                0x08002928                HAL_I2C_Mem_Read
 .text.I2C_RequestMemoryWrite
                0x08002b5c       0xa8 ./Drivers/STM32L4xx_HAL_Driver/Src/stm32l4xx_hal_i2c.o
 .text.I2C_RequestMemoryRead
                0x08002c04       0xa8 ./Drivers/STM32L4xx_HAL_Driver/Src/stm32l4xx_hal_i2c.o
 .text.I2C_Flush_TXDR
                0x08002cac       0x48 ./Drivers/STM32L4xx_HAL_Driver/Src/stm32l4xx_hal_i2c.o
 .text.I2C_WaitOnFlagUntilTimeout
                0x08002cf4       0xb2 ./Drivers/STM32L4xx_HAL_Driver/Src/stm32l4xx_hal_i2c.o
 .text.I2C_WaitOnTXISFlagUntilTimeout
                0x08002da6       0x8e ./Drivers/STM32L4xx_HAL_Driver/Src/stm32l4xx_hal_i2c.o
 .text.I2C_WaitOnSTOPFlagUntilTimeout
                0x08002e34       0x86 ./Drivers/STM32L4xx_HAL_Driver/Src/stm32l4xx_hal_i2c.o
 *fill*         0x08002eba        0x2 
 .text.I2C_IsErrorOccurred
                0x08002ebc      0x1c0 ./Drivers/STM32L4xx_HAL_Driver/Src/stm32l4xx_hal_i2c.o
 .text.I2C_TransferConfig
                0x0800307c       0x64 ./Drivers/STM32L4xx_HAL_Driver/Src/stm32l4xx_hal_i2c.o
 .text.HAL_I2CEx_ConfigAnalogFilter
                0x080030e0       0x96 ./Drivers/STM32L4xx_HAL_Driver/Src/stm32l4xx_hal_i2c_ex.o
                0x080030e0                HAL_I2CEx_ConfigAnalogFilter
 .text.HAL_I2CEx_ConfigDigitalFilter
                0x08003176       0x98 ./Drivers/STM32L4xx_HAL_Driver/Src/stm32l4xx_hal_i2c_ex.o
                0x08003176                HAL_I2CEx_ConfigDigitalFilter
 *fill*         0x0800320e        0x2 
 .text.HAL_PWR_EnableBkUpAccess
                0x08003210       0x20 ./Drivers/STM32L4xx_HAL_Driver/Src/stm32l4xx_hal_pwr.o
                0x08003210                HAL_PWR_EnableBkUpAccess
 .text.HAL_PWREx_GetVoltageRange
                0x08003230       0x1c ./Drivers/STM32L4xx_HAL_Driver/Src/stm32l4xx_hal_pwr_ex.o
                0x08003230                HAL_PWREx_GetVoltageRange
 .text.HAL_PWREx_ControlVoltageScaling
                0x0800324c       0xac ./Drivers/STM32L4xx_HAL_Driver/Src/stm32l4xx_hal_pwr_ex.o
                0x0800324c                HAL_PWREx_ControlVoltageScaling
 .text.HAL_RCC_OscConfig
                0x080032f8      0x828 ./Drivers/STM32L4xx_HAL_Driver/Src/stm32l4xx_hal_rcc.o
                0x080032f8                HAL_RCC_OscConfig
 .text.HAL_RCC_ClockConfig
                0x08003b20      0x200 ./Drivers/STM32L4xx_HAL_Driver/Src/stm32l4xx_hal_rcc.o
                0x08003b20                HAL_RCC_ClockConfig
 .text.HAL_RCC_GetSysClockFreq
                0x08003d20      0x118 ./Drivers/STM32L4xx_HAL_Driver/Src/stm32l4xx_hal_rcc.o
                0x08003d20                HAL_RCC_GetSysClockFreq
 .text.HAL_RCC_GetHCLKFreq
                0x08003e38       0x18 ./Drivers/STM32L4xx_HAL_Driver/Src/stm32l4xx_hal_rcc.o
                0x08003e38                HAL_RCC_GetHCLKFreq
 .text.HAL_RCC_GetPCLK1Freq
                0x08003e50       0x2c ./Drivers/STM32L4xx_HAL_Driver/Src/stm32l4xx_hal_rcc.o
                0x08003e50                HAL_RCC_GetPCLK1Freq
 .text.HAL_RCC_GetPCLK2Freq
                0x08003e7c       0x2c ./Drivers/STM32L4xx_HAL_Driver/Src/stm32l4xx_hal_rcc.o
                0x08003e7c                HAL_RCC_GetPCLK2Freq
 .text.RCC_SetFlashLatencyFromMSIRange
                0x08003ea8       0xc0 ./Drivers/STM32L4xx_HAL_Driver/Src/stm32l4xx_hal_rcc.o
 .text.HAL_RCCEx_PeriphCLKConfig
                0x08003f68      0x4d8 ./Drivers/STM32L4xx_HAL_Driver/Src/stm32l4xx_hal_rcc_ex.o
                0x08003f68                HAL_RCCEx_PeriphCLKConfig
 .text.HAL_RCCEx_GetPeriphCLKFreq
                0x08004440      0xa04 ./Drivers/STM32L4xx_HAL_Driver/Src/stm32l4xx_hal_rcc_ex.o
                0x08004440                HAL_RCCEx_GetPeriphCLKFreq
 .text.HAL_RCCEx_EnableMSIPLLMode
                0x08004e44       0x20 ./Drivers/STM32L4xx_HAL_Driver/Src/stm32l4xx_hal_rcc_ex.o
                0x08004e44                HAL_RCCEx_EnableMSIPLLMode
 .text.RCCEx_PLLSAI1_Config
                0x08004e64      0x1e4 ./Drivers/STM32L4xx_HAL_Driver/Src/stm32l4xx_hal_rcc_ex.o
 .text.RCCEx_GetSAIxPeriphCLKFreq
                0x08005048      0x178 ./Drivers/STM32L4xx_HAL_Driver/Src/stm32l4xx_hal_rcc_ex.o
 .text.HAL_RTC_Init
                0x080051c0      0x110 ./Drivers/STM32L4xx_HAL_Driver/Src/stm32l4xx_hal_rtc.o
                0x080051c0                HAL_RTC_Init
 .text.HAL_RTC_SetTime
                0x080052d0      0x13a ./Drivers/STM32L4xx_HAL_Driver/Src/stm32l4xx_hal_rtc.o
                0x080052d0                HAL_RTC_SetTime
 .text.HAL_RTC_GetTime
                0x0800540a       0xb8 ./Drivers/STM32L4xx_HAL_Driver/Src/stm32l4xx_hal_rtc.o
                0x0800540a                HAL_RTC_GetTime
 .text.HAL_RTC_SetDate
                0x080054c2      0x10e ./Drivers/STM32L4xx_HAL_Driver/Src/stm32l4xx_hal_rtc.o
                0x080054c2                HAL_RTC_SetDate
 .text.HAL_RTC_GetDate
                0x080055d0       0x9a ./Drivers/STM32L4xx_HAL_Driver/Src/stm32l4xx_hal_rtc.o
                0x080055d0                HAL_RTC_GetDate
 *fill*         0x0800566a        0x2 
 .text.HAL_RTC_WaitForSynchro
                0x0800566c       0x48 ./Drivers/STM32L4xx_HAL_Driver/Src/stm32l4xx_hal_rtc.o
                0x0800566c                HAL_RTC_WaitForSynchro
 .text.RTC_EnterInitMode
                0x080056b4       0x66 ./Drivers/STM32L4xx_HAL_Driver/Src/stm32l4xx_hal_rtc.o
                0x080056b4                RTC_EnterInitMode
 *fill*         0x0800571a        0x2 
 .text.RTC_ExitInitMode
                0x0800571c       0x7c ./Drivers/STM32L4xx_HAL_Driver/Src/stm32l4xx_hal_rtc.o
                0x0800571c                RTC_ExitInitMode
 .text.RTC_ByteToBcd2
                0x08005798       0x40 ./Drivers/STM32L4xx_HAL_Driver/Src/stm32l4xx_hal_rtc.o
                0x08005798                RTC_ByteToBcd2
 .text.RTC_Bcd2ToByte
                0x080057d8       0x34 ./Drivers/STM32L4xx_HAL_Driver/Src/stm32l4xx_hal_rtc.o
                0x080057d8                RTC_Bcd2ToByte
 .text.HAL_RTCEx_BKUPWrite
                0x0800580c       0x32 ./Drivers/STM32L4xx_HAL_Driver/Src/stm32l4xx_hal_rtc_ex.o
                0x0800580c                HAL_RTCEx_BKUPWrite
 .text.HAL_RTCEx_BKUPRead
                0x0800583e       0x2c ./Drivers/STM32L4xx_HAL_Driver/Src/stm32l4xx_hal_rtc_ex.o
                0x0800583e                HAL_RTCEx_BKUPRead
 .text.HAL_SD_Init
                0x0800586a       0x8c ./Drivers/STM32L4xx_HAL_Driver/Src/stm32l4xx_hal_sd.o
                0x0800586a                HAL_SD_Init
 *fill*         0x080058f6        0x2 
 .text.HAL_SD_InitCard
                0x080058f8      0x160 ./Drivers/STM32L4xx_HAL_Driver/Src/stm32l4xx_hal_sd.o
                0x080058f8                HAL_SD_InitCard
 .text.HAL_SD_ReadBlocks
                0x08005a58      0x3bc ./Drivers/STM32L4xx_HAL_Driver/Src/stm32l4xx_hal_sd.o
                0x08005a58                HAL_SD_ReadBlocks
 .text.HAL_SD_WriteBlocks
                0x08005e14      0x30c ./Drivers/STM32L4xx_HAL_Driver/Src/stm32l4xx_hal_sd.o
                0x08005e14                HAL_SD_WriteBlocks
 .text.HAL_SD_GetCardCSD
                0x08006120      0x348 ./Drivers/STM32L4xx_HAL_Driver/Src/stm32l4xx_hal_sd.o
                0x08006120                HAL_SD_GetCardCSD
 .text.HAL_SD_GetCardInfo
                0x08006468       0x58 ./Drivers/STM32L4xx_HAL_Driver/Src/stm32l4xx_hal_sd.o
                0x08006468                HAL_SD_GetCardInfo
 .text.HAL_SD_ConfigWideBusOperation
                0x080064c0      0x180 ./Drivers/STM32L4xx_HAL_Driver/Src/stm32l4xx_hal_sd.o
                0x080064c0                HAL_SD_ConfigWideBusOperation
 .text.HAL_SD_GetCardState
                0x08006640       0x40 ./Drivers/STM32L4xx_HAL_Driver/Src/stm32l4xx_hal_sd.o
                0x08006640                HAL_SD_GetCardState
 .text.SD_InitCard
                0x08006680      0x180 ./Drivers/STM32L4xx_HAL_Driver/Src/stm32l4xx_hal_sd.o
 .text.SD_PowerON
                0x08006800      0x11c ./Drivers/STM32L4xx_HAL_Driver/Src/stm32l4xx_hal_sd.o
 .text.SD_SendStatus
                0x0800691c       0x50 ./Drivers/STM32L4xx_HAL_Driver/Src/stm32l4xx_hal_sd.o
 .text.SD_WideBus_Enable
                0x0800696c       0x96 ./Drivers/STM32L4xx_HAL_Driver/Src/stm32l4xx_hal_sd.o
 .text.SD_WideBus_Disable
                0x08006a02       0x96 ./Drivers/STM32L4xx_HAL_Driver/Src/stm32l4xx_hal_sd.o
 .text.SD_FindSCR
                0x08006a98      0x1a6 ./Drivers/STM32L4xx_HAL_Driver/Src/stm32l4xx_hal_sd.o
 .text.HAL_SPI_Init
                0x08006c3e      0x146 ./Drivers/STM32L4xx_HAL_Driver/Src/stm32l4xx_hal_spi.o
                0x08006c3e                HAL_SPI_Init
 .text.HAL_SPI_Transmit
                0x08006d84      0x2ec ./Drivers/STM32L4xx_HAL_Driver/Src/stm32l4xx_hal_spi.o
                0x08006d84                HAL_SPI_Transmit
 .text.HAL_SPI_TransmitReceive
                0x08007070      0x43e ./Drivers/STM32L4xx_HAL_Driver/Src/stm32l4xx_hal_spi.o
                0x08007070                HAL_SPI_TransmitReceive
 *fill*         0x080074ae        0x2 
 .text.SPI_WaitFlagStateUntilTimeout
                0x080074b0      0x110 ./Drivers/STM32L4xx_HAL_Driver/Src/stm32l4xx_hal_spi.o
 .text.SPI_WaitFifoStateUntilTimeout
                0x080075c0      0x12c ./Drivers/STM32L4xx_HAL_Driver/Src/stm32l4xx_hal_spi.o
 .text.SPI_EndRxTxTransaction
                0x080076ec       0x8c ./Drivers/STM32L4xx_HAL_Driver/Src/stm32l4xx_hal_spi.o
 .text.HAL_UART_Init
                0x08007778       0x9c ./Drivers/STM32L4xx_HAL_Driver/Src/stm32l4xx_hal_uart.o
                0x08007778                HAL_UART_Init
 .text.HAL_UART_Transmit
                0x08007814      0x126 ./Drivers/STM32L4xx_HAL_Driver/Src/stm32l4xx_hal_uart.o
                0x08007814                HAL_UART_Transmit
 .text.HAL_UART_Receive
                0x0800793a      0x1a0 ./Drivers/STM32L4xx_HAL_Driver/Src/stm32l4xx_hal_uart.o
                0x0800793a                HAL_UART_Receive
 *fill*         0x08007ada        0x2 
 .text.UART_SetConfig
                0x08007adc      0x50c ./Drivers/STM32L4xx_HAL_Driver/Src/stm32l4xx_hal_uart.o
                0x08007adc                UART_SetConfig
 .text.UART_AdvFeatureConfig
                0x08007fe8      0x144 ./Drivers/STM32L4xx_HAL_Driver/Src/stm32l4xx_hal_uart.o
                0x08007fe8                UART_AdvFeatureConfig
 .text.UART_CheckIdleState
                0x0800812c      0x150 ./Drivers/STM32L4xx_HAL_Driver/Src/stm32l4xx_hal_uart.o
                0x0800812c                UART_CheckIdleState
 .text.UART_WaitOnFlagUntilTimeout
                0x0800827c       0xda ./Drivers/STM32L4xx_HAL_Driver/Src/stm32l4xx_hal_uart.o
                0x0800827c                UART_WaitOnFlagUntilTimeout
 .text.UART_EndRxTransfer
                0x08008356       0xc8 ./Drivers/STM32L4xx_HAL_Driver/Src/stm32l4xx_hal_uart.o
 .text.SDMMC_Init
                0x0800841e       0x5a ./Drivers/STM32L4xx_HAL_Driver/Src/stm32l4xx_ll_sdmmc.o
                0x0800841e                SDMMC_Init
 .text.SDMMC_ReadFIFO
                0x08008478       0x1a ./Drivers/STM32L4xx_HAL_Driver/Src/stm32l4xx_ll_sdmmc.o
                0x08008478                SDMMC_ReadFIFO
 .text.SDMMC_WriteFIFO
                0x08008492       0x22 ./Drivers/STM32L4xx_HAL_Driver/Src/stm32l4xx_ll_sdmmc.o
                0x08008492                SDMMC_WriteFIFO
 .text.SDMMC_PowerState_ON
                0x080084b4       0x1e ./Drivers/STM32L4xx_HAL_Driver/Src/stm32l4xx_ll_sdmmc.o
                0x080084b4                SDMMC_PowerState_ON
 .text.SDMMC_GetPowerState
                0x080084d2       0x1c ./Drivers/STM32L4xx_HAL_Driver/Src/stm32l4xx_ll_sdmmc.o
                0x080084d2                SDMMC_GetPowerState
 .text.SDMMC_SendCommand
                0x080084ee       0x54 ./Drivers/STM32L4xx_HAL_Driver/Src/stm32l4xx_ll_sdmmc.o
                0x080084ee                SDMMC_SendCommand
 .text.SDMMC_GetCommandResponse
                0x08008542       0x1a ./Drivers/STM32L4xx_HAL_Driver/Src/stm32l4xx_ll_sdmmc.o
                0x08008542                SDMMC_GetCommandResponse
 .text.SDMMC_GetResponse
                0x0800855c       0x26 ./Drivers/STM32L4xx_HAL_Driver/Src/stm32l4xx_ll_sdmmc.o
                0x0800855c                SDMMC_GetResponse
 .text.SDMMC_ConfigData
                0x08008582       0x58 ./Drivers/STM32L4xx_HAL_Driver/Src/stm32l4xx_ll_sdmmc.o
                0x08008582                SDMMC_ConfigData
 .text.SDMMC_CmdBlockLength
                0x080085da       0x44 ./Drivers/STM32L4xx_HAL_Driver/Src/stm32l4xx_ll_sdmmc.o
                0x080085da                SDMMC_CmdBlockLength
 .text.SDMMC_CmdReadSingleBlock
                0x0800861e       0x44 ./Drivers/STM32L4xx_HAL_Driver/Src/stm32l4xx_ll_sdmmc.o
                0x0800861e                SDMMC_CmdReadSingleBlock
 .text.SDMMC_CmdReadMultiBlock
                0x08008662       0x44 ./Drivers/STM32L4xx_HAL_Driver/Src/stm32l4xx_ll_sdmmc.o
                0x08008662                SDMMC_CmdReadMultiBlock
 .text.SDMMC_CmdWriteSingleBlock
                0x080086a6       0x44 ./Drivers/STM32L4xx_HAL_Driver/Src/stm32l4xx_ll_sdmmc.o
                0x080086a6                SDMMC_CmdWriteSingleBlock
 .text.SDMMC_CmdWriteMultiBlock
                0x080086ea       0x44 ./Drivers/STM32L4xx_HAL_Driver/Src/stm32l4xx_ll_sdmmc.o
                0x080086ea                SDMMC_CmdWriteMultiBlock
 *fill*         0x0800872e        0x2 
 .text.SDMMC_CmdStopTransfer
                0x08008730       0x44 ./Drivers/STM32L4xx_HAL_Driver/Src/stm32l4xx_ll_sdmmc.o
                0x08008730                SDMMC_CmdStopTransfer
 .text.SDMMC_CmdSelDesel
                0x08008774       0x46 ./Drivers/STM32L4xx_HAL_Driver/Src/stm32l4xx_ll_sdmmc.o
                0x08008774                SDMMC_CmdSelDesel
 .text.SDMMC_CmdGoIdleState
                0x080087ba       0x3c ./Drivers/STM32L4xx_HAL_Driver/Src/stm32l4xx_ll_sdmmc.o
                0x080087ba                SDMMC_CmdGoIdleState
 .text.SDMMC_CmdOperCond
                0x080087f6       0x3e ./Drivers/STM32L4xx_HAL_Driver/Src/stm32l4xx_ll_sdmmc.o
                0x080087f6                SDMMC_CmdOperCond
 .text.SDMMC_CmdAppCommand
                0x08008834       0x44 ./Drivers/STM32L4xx_HAL_Driver/Src/stm32l4xx_ll_sdmmc.o
                0x08008834                SDMMC_CmdAppCommand
 .text.SDMMC_CmdAppOperCommand
                0x08008878       0x46 ./Drivers/STM32L4xx_HAL_Driver/Src/stm32l4xx_ll_sdmmc.o
                0x08008878                SDMMC_CmdAppOperCommand
 .text.SDMMC_CmdBusWidth
                0x080088be       0x44 ./Drivers/STM32L4xx_HAL_Driver/Src/stm32l4xx_ll_sdmmc.o
                0x080088be                SDMMC_CmdBusWidth
 .text.SDMMC_CmdSendSCR
                0x08008902       0x42 ./Drivers/STM32L4xx_HAL_Driver/Src/stm32l4xx_ll_sdmmc.o
                0x08008902                SDMMC_CmdSendSCR
 .text.SDMMC_CmdSendCID
                0x08008944       0x3c ./Drivers/STM32L4xx_HAL_Driver/Src/stm32l4xx_ll_sdmmc.o
                0x08008944                SDMMC_CmdSendCID
 .text.SDMMC_CmdSendCSD
                0x08008980       0x3e ./Drivers/STM32L4xx_HAL_Driver/Src/stm32l4xx_ll_sdmmc.o
                0x08008980                SDMMC_CmdSendCSD
 .text.SDMMC_CmdSetRelAdd
                0x080089be       0x42 ./Drivers/STM32L4xx_HAL_Driver/Src/stm32l4xx_ll_sdmmc.o
                0x080089be                SDMMC_CmdSetRelAdd
 .text.SDMMC_CmdSendStatus
                0x08008a00       0x44 ./Drivers/STM32L4xx_HAL_Driver/Src/stm32l4xx_ll_sdmmc.o
                0x08008a00                SDMMC_CmdSendStatus
 .text.SDMMC_GetCmdResp1
                0x08008a44      0x1dc ./Drivers/STM32L4xx_HAL_Driver/Src/stm32l4xx_ll_sdmmc.o
                0x08008a44                SDMMC_GetCmdResp1
 .text.SDMMC_GetCmdResp2
                0x08008c20       0x90 ./Drivers/STM32L4xx_HAL_Driver/Src/stm32l4xx_ll_sdmmc.o
                0x08008c20                SDMMC_GetCmdResp2
 .text.SDMMC_GetCmdResp3
                0x08008cb0       0x7c ./Drivers/STM32L4xx_HAL_Driver/Src/stm32l4xx_ll_sdmmc.o
                0x08008cb0                SDMMC_GetCmdResp3
 .text.SDMMC_GetCmdResp6
                0x08008d2c       0xec ./Drivers/STM32L4xx_HAL_Driver/Src/stm32l4xx_ll_sdmmc.o
                0x08008d2c                SDMMC_GetCmdResp6
 .text.SDMMC_GetCmdResp7
                0x08008e18       0x9c ./Drivers/STM32L4xx_HAL_Driver/Src/stm32l4xx_ll_sdmmc.o
                0x08008e18                SDMMC_GetCmdResp7
 .text.SDMMC_GetCmdError
                0x08008eb4       0x58 ./Drivers/STM32L4xx_HAL_Driver/Src/stm32l4xx_ll_sdmmc.o
 .text.MX_FATFS_Init
                0x08008f0c       0x24 ./FATFS/App/fatfs.o
                0x08008f0c                MX_FATFS_Init
 .text.get_fattime
                0x08008f30       0x10 ./FATFS/App/fatfs.o
                0x08008f30                get_fattime
 .text.SD_CheckStatus
                0x08008f40       0x44 ./FATFS/Target/sd_diskio.o
 .text.SD_initialize
                0x08008f84       0x44 ./FATFS/Target/sd_diskio.o
                0x08008f84                SD_initialize
 .text.SD_status
                0x08008fc8       0x1c ./FATFS/Target/sd_diskio.o
                0x08008fc8                SD_status
 .text.SD_read  0x08008fe4       0x4c ./FATFS/Target/sd_diskio.o
                0x08008fe4                SD_read
 .text.SD_write
                0x08009030       0x4c ./FATFS/Target/sd_diskio.o
                0x08009030                SD_write
 .text.SD_ioctl
                0x0800907c       0xb8 ./FATFS/Target/sd_diskio.o
                0x0800907c                SD_ioctl
 .text.disk_status
                0x08009134       0x34 ./Middlewares/Third_Party/FatFs/src/diskio.o
                0x08009134                disk_status
 .text.disk_initialize
                0x08009168       0x4c ./Middlewares/Third_Party/FatFs/src/diskio.o
                0x08009168                disk_initialize
 .text.disk_read
                0x080091b4       0x40 ./Middlewares/Third_Party/FatFs/src/diskio.o
                0x080091b4                disk_read
 .text.disk_write
                0x080091f4       0x40 ./Middlewares/Third_Party/FatFs/src/diskio.o
                0x080091f4                disk_write
 .text.disk_ioctl
                0x08009234       0x3c ./Middlewares/Third_Party/FatFs/src/diskio.o
                0x08009234                disk_ioctl
 .text.ld_word  0x08009270       0x32 ./Middlewares/Third_Party/FatFs/src/ff.o
 .text.ld_dword
                0x080092a2       0x46 ./Middlewares/Third_Party/FatFs/src/ff.o
 .text.st_word  0x080092e8       0x36 ./Middlewares/Third_Party/FatFs/src/ff.o
 .text.st_dword
                0x0800931e       0x58 ./Middlewares/Third_Party/FatFs/src/ff.o
 .text.mem_cpy  0x08009376       0x42 ./Middlewares/Third_Party/FatFs/src/ff.o
 .text.mem_set  0x080093b8       0x36 ./Middlewares/Third_Party/FatFs/src/ff.o
 .text.mem_cmp  0x080093ee       0x4e ./Middlewares/Third_Party/FatFs/src/ff.o
 .text.chk_chr  0x0800943c       0x36 ./Middlewares/Third_Party/FatFs/src/ff.o
 *fill*         0x08009472        0x2 
 .text.chk_lock
                0x08009474       0xb8 ./Middlewares/Third_Party/FatFs/src/ff.o
 .text.enq_lock
                0x0800952c       0x44 ./Middlewares/Third_Party/FatFs/src/ff.o
 .text.inc_lock
                0x08009570      0x11c ./Middlewares/Third_Party/FatFs/src/ff.o
 .text.dec_lock
                0x0800968c       0x78 ./Middlewares/Third_Party/FatFs/src/ff.o
 .text.clear_lock
                0x08009704       0x48 ./Middlewares/Third_Party/FatFs/src/ff.o
 .text.sync_window
                0x0800974c       0x88 ./Middlewares/Third_Party/FatFs/src/ff.o
 .text.move_window
                0x080097d4       0x5a ./Middlewares/Third_Party/FatFs/src/ff.o
 *fill*         0x0800982e        0x2 
 .text.sync_fs  0x08009830       0xdc ./Middlewares/Third_Party/FatFs/src/ff.o
 .text.clust2sect
                0x0800990c       0x3e ./Middlewares/Third_Party/FatFs/src/ff.o
 .text.get_fat  0x0800994a      0x14e ./Middlewares/Third_Party/FatFs/src/ff.o
 .text.put_fat  0x08009a98      0x1d4 ./Middlewares/Third_Party/FatFs/src/ff.o
 .text.remove_chain
                0x08009c6c       0xca ./Middlewares/Third_Party/FatFs/src/ff.o
 .text.create_chain
                0x08009d36      0x130 ./Middlewares/Third_Party/FatFs/src/ff.o
 .text.clmt_clust
                0x08009e66       0x68 ./Middlewares/Third_Party/FatFs/src/ff.o
 .text.dir_sdi  0x08009ece       0xf6 ./Middlewares/Third_Party/FatFs/src/ff.o
 .text.dir_next
                0x08009fc4      0x18a ./Middlewares/Third_Party/FatFs/src/ff.o
 .text.dir_alloc
                0x0800a14e       0x8e ./Middlewares/Third_Party/FatFs/src/ff.o
 .text.ld_clust
                0x0800a1dc       0x3e ./Middlewares/Third_Party/FatFs/src/ff.o
 .text.st_clust
                0x0800a21a       0x40 ./Middlewares/Third_Party/FatFs/src/ff.o
 *fill*         0x0800a25a        0x2 
 .text.cmp_lfn  0x0800a25c       0xe0 ./Middlewares/Third_Party/FatFs/src/ff.o
 .text.put_lfn  0x0800a33c       0xd0 ./Middlewares/Third_Party/FatFs/src/ff.o
 .text.gen_numname
                0x0800a40c      0x11c ./Middlewares/Third_Party/FatFs/src/ff.o
 .text.sum_sfn  0x0800a528       0x42 ./Middlewares/Third_Party/FatFs/src/ff.o
 .text.dir_find
                0x0800a56a      0x180 ./Middlewares/Third_Party/FatFs/src/ff.o
 *fill*         0x0800a6ea        0x2 
 .text.dir_register
                0x0800a6ec      0x1f0 ./Middlewares/Third_Party/FatFs/src/ff.o
 .text.dir_remove
                0x0800a8dc       0x94 ./Middlewares/Third_Party/FatFs/src/ff.o
 .text.get_fileinfo
                0x0800a970      0x1bc ./Middlewares/Third_Party/FatFs/src/ff.o
 .text.create_name
                0x0800ab2c      0x370 ./Middlewares/Third_Party/FatFs/src/ff.o
 .text.follow_path
                0x0800ae9c       0xe2 ./Middlewares/Third_Party/FatFs/src/ff.o
 .text.get_ldnumber
                0x0800af7e       0x88 ./Middlewares/Third_Party/FatFs/src/ff.o
 *fill*         0x0800b006        0x2 
 .text.check_fs
                0x0800b008       0xac ./Middlewares/Third_Party/FatFs/src/ff.o
 .text.find_volume
                0x0800b0b4      0x498 ./Middlewares/Third_Party/FatFs/src/ff.o
 .text.validate
                0x0800b54c       0x6a ./Middlewares/Third_Party/FatFs/src/ff.o
 *fill*         0x0800b5b6        0x2 
 .text.f_mount  0x0800b5b8       0x8c ./Middlewares/Third_Party/FatFs/src/ff.o
                0x0800b5b8                f_mount
 .text.f_open   0x0800b644      0x566 ./Middlewares/Third_Party/FatFs/src/ff.o
                0x0800b644                f_open
 .text.f_read   0x0800bbaa      0x27e ./Middlewares/Third_Party/FatFs/src/ff.o
                0x0800bbaa                f_read
 .text.f_write  0x0800be28      0x2ea ./Middlewares/Third_Party/FatFs/src/ff.o
                0x0800be28                f_write
 .text.f_sync   0x0800c112       0xfc ./Middlewares/Third_Party/FatFs/src/ff.o
                0x0800c112                f_sync
 .text.f_close  0x0800c20e       0x54 ./Middlewares/Third_Party/FatFs/src/ff.o
                0x0800c20e                f_close
 .text.f_stat   0x0800c262       0xa8 ./Middlewares/Third_Party/FatFs/src/ff.o
                0x0800c262                f_stat
 .text.f_rename
                0x0800c30a      0x248 ./Middlewares/Third_Party/FatFs/src/ff.o
                0x0800c30a                f_rename
 .text.putc_bfd
                0x0800c552       0x7a ./Middlewares/Third_Party/FatFs/src/ff.o
 .text.putc_flush
                0x0800c5cc       0x4a ./Middlewares/Third_Party/FatFs/src/ff.o
 .text.putc_init
                0x0800c616       0x2a ./Middlewares/Third_Party/FatFs/src/ff.o
 .text.f_puts   0x0800c640       0x48 ./Middlewares/Third_Party/FatFs/src/ff.o
                0x0800c640                f_puts
 .text.FATFS_LinkDriverEx
                0x0800c688       0x98 ./Middlewares/Third_Party/FatFs/src/ff_gen_drv.o
                0x0800c688                FATFS_LinkDriverEx
 .text.FATFS_LinkDriver
                0x0800c720       0x1e ./Middlewares/Third_Party/FatFs/src/ff_gen_drv.o
                0x0800c720                FATFS_LinkDriver
 *fill*         0x0800c73e        0x2 
 .text.ff_convert
                0x0800c740       0x78 ./Middlewares/Third_Party/FatFs/src/option/ccsbcs.o
                0x0800c740                ff_convert
 .text.ff_wtoupper
                0x0800c7b8      0x114 ./Middlewares/Third_Party/FatFs/src/option/ccsbcs.o
                0x0800c7b8                ff_wtoupper
 .text.snprintf
                0x0800c8cc       0x6c C:/ST/STM32CubeIDE_1.19.0/STM32CubeIDE/plugins/com.st.stm32cube.ide.mcu.externaltools.gnu-tools-for-stm32.13.3.rel1.win32_1.0.100.202509120712/tools/bin/../lib/gcc/arm-none-eabi/13.3.1/../../../../arm-none-eabi/lib/thumb/v7e-m+fp/hard\libc_nano.a(libc_a-snprintf.o)
                0x0800c8cc                sniprintf
                0x0800c8cc                snprintf
 .text.memset   0x0800c938       0x10 C:/ST/STM32CubeIDE_1.19.0/STM32CubeIDE/plugins/com.st.stm32cube.ide.mcu.externaltools.gnu-tools-for-stm32.13.3.rel1.win32_1.0.100.202509120712/tools/bin/../lib/gcc/arm-none-eabi/13.3.1/../../../../arm-none-eabi/lib/thumb/v7e-m+fp/hard\libc_nano.a(libc_a-memset.o)
                0x0800c938                memset
 .text.strstr   0x0800c948       0x2c C:/ST/STM32CubeIDE_1.19.0/STM32CubeIDE/plugins/com.st.stm32cube.ide.mcu.externaltools.gnu-tools-for-stm32.13.3.rel1.win32_1.0.100.202509120712/tools/bin/../lib/gcc/arm-none-eabi/13.3.1/../../../../arm-none-eabi/lib/thumb/v7e-m+fp/hard\libc_nano.a(libc_a-strstr.o)
                0x0800c948                strstr
 .text.__errno  0x0800c974        0xc C:/ST/STM32CubeIDE_1.19.0/STM32CubeIDE/plugins/com.st.stm32cube.ide.mcu.externaltools.gnu-tools-for-stm32.13.3.rel1.win32_1.0.100.202509120712/tools/bin/../lib/gcc/arm-none-eabi/13.3.1/../../../../arm-none-eabi/lib/thumb/v7e-m+fp/hard\libc_nano.a(libc_a-errno.o)
                0x0800c974                __errno
 .text.__libc_init_array
                0x0800c980       0x48 C:/ST/STM32CubeIDE_1.19.0/STM32CubeIDE/plugins/com.st.stm32cube.ide.mcu.externaltools.gnu-tools-for-stm32.13.3.rel1.win32_1.0.100.202509120712/tools/bin/../lib/gcc/arm-none-eabi/13.3.1/../../../../arm-none-eabi/lib/thumb/v7e-m+fp/hard\libc_nano.a(libc_a-init.o)
                0x0800c980                __libc_init_array
 .text.__retarget_lock_acquire_recursive
                0x0800c9c8        0x2 C:/ST/STM32CubeIDE_1.19.0/STM32CubeIDE/plugins/com.st.stm32cube.ide.mcu.externaltools.gnu-tools-for-stm32.13.3.rel1.win32_1.0.100.202509120712/tools/bin/../lib/gcc/arm-none-eabi/13.3.1/../../../../arm-none-eabi/lib/thumb/v7e-m+fp/hard\libc_nano.a(libc_a-lock.o)
                0x0800c9c8                __retarget_lock_acquire_recursive
 .text.__retarget_lock_release_recursive
                0x0800c9ca        0x2 C:/ST/STM32CubeIDE_1.19.0/STM32CubeIDE/plugins/com.st.stm32cube.ide.mcu.externaltools.gnu-tools-for-stm32.13.3.rel1.win32_1.0.100.202509120712/tools/bin/../lib/gcc/arm-none-eabi/13.3.1/../../../../arm-none-eabi/lib/thumb/v7e-m+fp/hard\libc_nano.a(libc_a-lock.o)
                0x0800c9ca                __retarget_lock_release_recursive
 .text._free_r  0x0800c9cc       0x94 C:/ST/STM32CubeIDE_1.19.0/STM32CubeIDE/plugins/com.st.stm32cube.ide.mcu.externaltools.gnu-tools-for-stm32.13.3.rel1.win32_1.0.100.202509120712/tools/bin/../lib/gcc/arm-none-eabi/13.3.1/../../../../arm-none-eabi/lib/thumb/v7e-m+fp/hard\libc_nano.a(libc_a-freer.o)
                0x0800c9cc                _free_r
 .text.sbrk_aligned
                0x0800ca60       0x44 C:/ST/STM32CubeIDE_1.19.0/STM32CubeIDE/plugins/com.st.stm32cube.ide.mcu.externaltools.gnu-tools-for-stm32.13.3.rel1.win32_1.0.100.202509120712/tools/bin/../lib/gcc/arm-none-eabi/13.3.1/../../../../arm-none-eabi/lib/thumb/v7e-m+fp/hard\libc_nano.a(libc_a-mallocr.o)
 .text._malloc_r
                0x0800caa4      0x100 C:/ST/STM32CubeIDE_1.19.0/STM32CubeIDE/plugins/com.st.stm32cube.ide.mcu.externaltools.gnu-tools-for-stm32.13.3.rel1.win32_1.0.100.202509120712/tools/bin/../lib/gcc/arm-none-eabi/13.3.1/../../../../arm-none-eabi/lib/thumb/v7e-m+fp/hard\libc_nano.a(libc_a-mallocr.o)
                0x0800caa4                _malloc_r
 .text.__malloc_lock
                0x0800cba4        0xc C:/ST/STM32CubeIDE_1.19.0/STM32CubeIDE/plugins/com.st.stm32cube.ide.mcu.externaltools.gnu-tools-for-stm32.13.3.rel1.win32_1.0.100.202509120712/tools/bin/../lib/gcc/arm-none-eabi/13.3.1/../../../../arm-none-eabi/lib/thumb/v7e-m+fp/hard\libc_nano.a(libc_a-mlock.o)
                0x0800cba4                __malloc_lock
 .text.__malloc_unlock
                0x0800cbb0        0xc C:/ST/STM32CubeIDE_1.19.0/STM32CubeIDE/plugins/com.st.stm32cube.ide.mcu.externaltools.gnu-tools-for-stm32.13.3.rel1.win32_1.0.100.202509120712/tools/bin/../lib/gcc/arm-none-eabi/13.3.1/../../../../arm-none-eabi/lib/thumb/v7e-m+fp/hard\libc_nano.a(libc_a-mlock.o)
                0x0800cbb0                __malloc_unlock
 .text.__ssputs_r
                0x0800cbbc       0xb6 C:/ST/STM32CubeIDE_1.19.0/STM32CubeIDE/plugins/com.st.stm32cube.ide.mcu.externaltools.gnu-tools-for-stm32.13.3.rel1.win32_1.0.100.202509120712/tools/bin/../lib/gcc/arm-none-eabi/13.3.1/../../../../arm-none-eabi/lib/thumb/v7e-m+fp/hard\libc_nano.a(libc_a-nano-svfprintf.o)
                0x0800cbbc                __ssputs_r
 *fill*         0x0800cc72        0x2 
 .text._svfprintf_r
                0x0800cc74      0x1f8 C:/ST/STM32CubeIDE_1.19.0/STM32CubeIDE/plugins/com.st.stm32cube.ide.mcu.externaltools.gnu-tools-for-stm32.13.3.rel1.win32_1.0.100.202509120712/tools/bin/../lib/gcc/arm-none-eabi/13.3.1/../../../../arm-none-eabi/lib/thumb/v7e-m+fp/hard\libc_nano.a(libc_a-nano-svfprintf.o)
                0x0800cc74                _svfiprintf_r
                0x0800cc74                _svfprintf_r
 .text._printf_common
                0x0800ce6c       0xda C:/ST/STM32CubeIDE_1.19.0/STM32CubeIDE/plugins/com.st.stm32cube.ide.mcu.externaltools.gnu-tools-for-stm32.13.3.rel1.win32_1.0.100.202509120712/tools/bin/../lib/gcc/arm-none-eabi/13.3.1/../../../../arm-none-eabi/lib/thumb/v7e-m+fp/hard\libc_nano.a(libc_a-nano-vfprintf_i.o)
                0x0800ce6c                _printf_common
 *fill*         0x0800cf46        0x2 
 .text._printf_i
                0x0800cf48      0x23c C:/ST/STM32CubeIDE_1.19.0/STM32CubeIDE/plugins/com.st.stm32cube.ide.mcu.externaltools.gnu-tools-for-stm32.13.3.rel1.win32_1.0.100.202509120712/tools/bin/../lib/gcc/arm-none-eabi/13.3.1/../../../../arm-none-eabi/lib/thumb/v7e-m+fp/hard\libc_nano.a(libc_a-nano-vfprintf_i.o)
                0x0800cf48                _printf_i
 .text.memmove  0x0800d184       0x34 C:/ST/STM32CubeIDE_1.19.0/STM32CubeIDE/plugins/com.st.stm32cube.ide.mcu.externaltools.gnu-tools-for-stm32.13.3.rel1.win32_1.0.100.202509120712/tools/bin/../lib/gcc/arm-none-eabi/13.3.1/../../../../arm-none-eabi/lib/thumb/v7e-m+fp/hard\libc_nano.a(libc_a-memmove.o)
                0x0800d184                memmove
 .text._sbrk_r  0x0800d1b8       0x20 C:/ST/STM32CubeIDE_1.19.0/STM32CubeIDE/plugins/com.st.stm32cube.ide.mcu.externaltools.gnu-tools-for-stm32.13.3.rel1.win32_1.0.100.202509120712/tools/bin/../lib/gcc/arm-none-eabi/13.3.1/../../../../arm-none-eabi/lib/thumb/v7e-m+fp/hard\libc_nano.a(libc_a-sbrkr.o)
                0x0800d1b8                _sbrk_r
 .text.memcpy   0x0800d1d8       0x1c C:/ST/STM32CubeIDE_1.19.0/STM32CubeIDE/plugins/com.st.stm32cube.ide.mcu.externaltools.gnu-tools-for-stm32.13.3.rel1.win32_1.0.100.202509120712/tools/bin/../lib/gcc/arm-none-eabi/13.3.1/../../../../arm-none-eabi/lib/thumb/v7e-m+fp/hard\libc_nano.a(libc_a-memcpy-stub.o)
                0x0800d1d8                memcpy
 .text._realloc_r
                0x0800d1f4       0x5c C:/ST/STM32CubeIDE_1.19.0/STM32CubeIDE/plugins/com.st.stm32cube.ide.mcu.externaltools.gnu-tools-for-stm32.13.3.rel1.win32_1.0.100.202509120712/tools/bin/../lib/gcc/arm-none-eabi/13.3.1/../../../../arm-none-eabi/lib/thumb/v7e-m+fp/hard\libc_nano.a(libc_a-reallocr.o)
                0x0800d1f4                _realloc_r
 .text._malloc_usable_size_r
                0x0800d250       0x10 C:/ST/STM32CubeIDE_1.19.0/STM32CubeIDE/plugins/com.st.stm32cube.ide.mcu.externaltools.gnu-tools-for-stm32.13.3.rel1.win32_1.0.100.202509120712/tools/bin/../lib/gcc/arm-none-eabi/13.3.1/../../../../arm-none-eabi/lib/thumb/v7e-m+fp/hard\libc_nano.a(libc_a-msizer.o)
                0x0800d250                _malloc_usable_size_r
 *(.glue_7)
 .glue_7        0x0800d260        0x0 linker stubs
 *(.glue_7t)
 .glue_7t       0x0800d260        0x0 linker stubs
 *(.eh_frame)
 .eh_frame      0x0800d260        0x0 C:/ST/STM32CubeIDE_1.19.0/STM32CubeIDE/plugins/com.st.stm32cube.ide.mcu.externaltools.gnu-tools-for-stm32.13.3.rel1.win32_1.0.100.202509120712/tools/bin/../lib/gcc/arm-none-eabi/13.3.1/thumb/v7e-m+fp/hard/crtbegin.o
 *(.init)
 .init          0x0800d260        0x4 C:/ST/STM32CubeIDE_1.19.0/STM32CubeIDE/plugins/com.st.stm32cube.ide.mcu.externaltools.gnu-tools-for-stm32.13.3.rel1.win32_1.0.100.202509120712/tools/bin/../lib/gcc/arm-none-eabi/13.3.1/thumb/v7e-m+fp/hard/crti.o
                0x0800d260                _init
 .init          0x0800d264        0x8 C:/ST/STM32CubeIDE_1.19.0/STM32CubeIDE/plugins/com.st.stm32cube.ide.mcu.externaltools.gnu-tools-for-stm32.13.3.rel1.win32_1.0.100.202509120712/tools/bin/../lib/gcc/arm-none-eabi/13.3.1/thumb/v7e-m+fp/hard/crtn.o
 *(.fini)
 .fini          0x0800d26c        0x4 C:/ST/STM32CubeIDE_1.19.0/STM32CubeIDE/plugins/com.st.stm32cube.ide.mcu.externaltools.gnu-tools-for-stm32.13.3.rel1.win32_1.0.100.202509120712/tools/bin/../lib/gcc/arm-none-eabi/13.3.1/thumb/v7e-m+fp/hard/crti.o
                0x0800d26c                _fini
 .fini          0x0800d270        0x8 C:/ST/STM32CubeIDE_1.19.0/STM32CubeIDE/plugins/com.st.stm32cube.ide.mcu.externaltools.gnu-tools-for-stm32.13.3.rel1.win32_1.0.100.202509120712/tools/bin/../lib/gcc/arm-none-eabi/13.3.1/thumb/v7e-m+fp/hard/crtn.o
                0x0800d278                        . = ALIGN (0x4)
                0x0800d278                        _etext = .

.vfp11_veneer   0x0800d278        0x0
 .vfp11_veneer  0x0800d278        0x0 linker stubs

.v4_bx          0x0800d278        0x0
 .v4_bx         0x0800d278        0x0 linker stubs

.iplt           0x0800d278        0x0
 .iplt          0x0800d278        0x0 C:/ST/STM32CubeIDE_1.19.0/STM32CubeIDE/plugins/com.st.stm32cube.ide.mcu.externaltools.gnu-tools-for-stm32.13.3.rel1.win32_1.0.100.202509120712/tools/bin/../lib/gcc/arm-none-eabi/13.3.1/thumb/v7e-m+fp/hard/crtbegin.o

.rodata         0x0800d278      0xb54
                0x0800d278                        . = ALIGN (0x4)
 *(.rodata)
 .rodata        0x0800d278      0x63b ./Core/Src/main.o
 *fill*         0x0800d8b3        0x1 
 .rodata        0x0800d8b4       0x48 ./Middlewares/Third_Party/FatFs/src/ff.o
 *(.rodata*)
 .rodata.AHBPrescTable
                0x0800d8fc       0x10 ./Core/Src/system_stm32l4xx.o
                0x0800d8fc                AHBPrescTable
 .rodata.APBPrescTable
                0x0800d90c        0x8 ./Core/Src/system_stm32l4xx.o
                0x0800d90c                APBPrescTable
 .rodata.MSIRangeTable
                0x0800d914       0x30 ./Core/Src/system_stm32l4xx.o
                0x0800d914                MSIRangeTable
 .rodata.SD_Driver
                0x0800d944       0x14 ./FATFS/Target/sd_diskio.o
                0x0800d944                SD_Driver
 .rodata.ExCvt  0x0800d958       0x80 ./Middlewares/Third_Party/FatFs/src/ff.o
 .rodata.LfnOfs
                0x0800d9d8        0xd ./Middlewares/Third_Party/FatFs/src/ff.o
 *fill*         0x0800d9e5        0x3 
 .rodata.Tbl    0x0800d9e8      0x100 ./Middlewares/Third_Party/FatFs/src/option/ccsbcs.o
 .rodata.cvt1.1
                0x0800dae8      0x1f2 ./Middlewares/Third_Party/FatFs/src/option/ccsbcs.o
 *fill*         0x0800dcda        0x2 
 .rodata.cvt2.0
                0x0800dcdc       0xbc ./Middlewares/Third_Party/FatFs/src/option/ccsbcs.o
 .rodata._svfprintf_r.str1.1
                0x0800dd98       0x33 C:/ST/STM32CubeIDE_1.19.0/STM32CubeIDE/plugins/com.st.stm32cube.ide.mcu.externaltools.gnu-tools-for-stm32.13.3.rel1.win32_1.0.100.202509120712/tools/bin/../lib/gcc/arm-none-eabi/13.3.1/../../../../arm-none-eabi/lib/thumb/v7e-m+fp/hard\libc_nano.a(libc_a-nano-svfprintf.o)
                                 0x11 (size before relaxing)
 .rodata._printf_i.str1.1
                0x0800ddcb        0x0 C:/ST/STM32CubeIDE_1.19.0/STM32CubeIDE/plugins/com.st.stm32cube.ide.mcu.externaltools.gnu-tools-for-stm32.13.3.rel1.win32_1.0.100.202509120712/tools/bin/../lib/gcc/arm-none-eabi/13.3.1/../../../../arm-none-eabi/lib/thumb/v7e-m+fp/hard\libc_nano.a(libc_a-nano-vfprintf_i.o)
                                 0x22 (size before relaxing)
                0x0800ddcc                        . = ALIGN (0x4)
 *fill*         0x0800ddcb        0x1 

.ARM.extab      0x0800ddcc        0x0
                0x0800ddcc                        . = ALIGN (0x4)
 *(.ARM.extab* .gnu.linkonce.armextab.*)
                0x0800ddcc                        . = ALIGN (0x4)

.ARM            0x0800ddcc        0x8
                0x0800ddcc                        . = ALIGN (0x4)
                0x0800ddcc                        __exidx_start = .
 *(.ARM.exidx*)
 .ARM.exidx     0x0800ddcc        0x8 C:/ST/STM32CubeIDE_1.19.0/STM32CubeIDE/plugins/com.st.stm32cube.ide.mcu.externaltools.gnu-tools-for-stm32.13.3.rel1.win32_1.0.100.202509120712/tools/bin/../lib/gcc/arm-none-eabi/13.3.1/../../../../arm-none-eabi/lib/thumb/v7e-m+fp/hard\libc_nano.a(libc_a-strlen.o)
 .ARM.exidx     0x0800ddd4        0x0 C:/ST/STM32CubeIDE_1.19.0/STM32CubeIDE/plugins/com.st.stm32cube.ide.mcu.externaltools.gnu-tools-for-stm32.13.3.rel1.win32_1.0.100.202509120712/tools/bin/../lib/gcc/arm-none-eabi/13.3.1/../../../../arm-none-eabi/lib/thumb/v7e-m+fp/hard\libc_nano.a(libc_a-memchr.o)
                                  0x8 (size before relaxing)
 .ARM.exidx     0x0800ddd4        0x0 C:/ST/STM32CubeIDE_1.19.0/STM32CubeIDE/plugins/com.st.stm32cube.ide.mcu.externaltools.gnu-tools-for-stm32.13.3.rel1.win32_1.0.100.202509120712/tools/bin/../lib/gcc/arm-none-eabi/13.3.1/thumb/v7e-m+fp/hard\libgcc.a(_udivmoddi4.o)
                                  0x8 (size before relaxing)
                0x0800ddd4                        __exidx_end = .
                0x0800ddd4                        . = ALIGN (0x4)

.preinit_array  0x0800ddd4        0x0
                0x0800ddd4                        . = ALIGN (0x4)
                0x0800ddd4                        PROVIDE (__preinit_array_start = .)
 *(.preinit_array*)
                0x0800ddd4                        PROVIDE (__preinit_array_end = .)
                0x0800ddd4                        . = ALIGN (0x4)

.init_array     0x0800ddd4        0x4
                0x0800ddd4                        . = ALIGN (0x4)
                0x0800ddd4                        PROVIDE (__init_array_start = .)
 *(SORT_BY_NAME(.init_array.*))
 *(.init_array*)
 .init_array    0x0800ddd4        0x4 C:/ST/STM32CubeIDE_1.19.0/STM32CubeIDE/plugins/com.st.stm32cube.ide.mcu.externaltools.gnu-tools-for-stm32.13.3.rel1.win32_1.0.100.202509120712/tools/bin/../lib/gcc/arm-none-eabi/13.3.1/thumb/v7e-m+fp/hard/crtbegin.o
                0x0800ddd8                        PROVIDE (__init_array_end = .)
                0x0800ddd8                        . = ALIGN (0x4)

.fini_array     0x0800ddd8        0x4
                0x0800ddd8                        . = ALIGN (0x4)
                [!provide]                        PROVIDE (__fini_array_start = .)
 *(SORT_BY_NAME(.fini_array.*))
 *(.fini_array*)
 .fini_array    0x0800ddd8        0x4 C:/ST/STM32CubeIDE_1.19.0/STM32CubeIDE/plugins/com.st.stm32cube.ide.mcu.externaltools.gnu-tools-for-stm32.13.3.rel1.win32_1.0.100.202509120712/tools/bin/../lib/gcc/arm-none-eabi/13.3.1/thumb/v7e-m+fp/hard/crtbegin.o
                [!provide]                        PROVIDE (__fini_array_end = .)
                0x0800dddc                        . = ALIGN (0x4)
                0x0800dddc                        _sidata = LOADADDR (.data)

.rel.dyn        0x0800dddc        0x0
 .rel.iplt      0x0800dddc        0x0 C:/ST/STM32CubeIDE_1.19.0/STM32CubeIDE/plugins/com.st.stm32cube.ide.mcu.externaltools.gnu-tools-for-stm32.13.3.rel1.win32_1.0.100.202509120712/tools/bin/../lib/gcc/arm-none-eabi/13.3.1/thumb/v7e-m+fp/hard/crtbegin.o

.data           0x20000000       0xdc load address 0x0800dddc
                0x20000000                        . = ALIGN (0x4)
                0x20000000                        _sdata = .
 *(.data)
 *(.data*)
 .data.test_status
                0x20000000       0x80 ./Core/Src/main.o
                0x20000000                test_status
 .data.SystemCoreClock
                0x20000080        0x4 ./Core/Src/system_stm32l4xx.o
                0x20000080                SystemCoreClock
 .data.uwTickPrio
                0x20000084        0x4 ./Drivers/STM32L4xx_HAL_Driver/Src/stm32l4xx_hal.o
                0x20000084                uwTickPrio
 .data.uwTickFreq
                0x20000088        0x1 ./Drivers/STM32L4xx_HAL_Driver/Src/stm32l4xx_hal.o
                0x20000088                uwTickFreq
 .data.Stat     0x20000089        0x1 ./FATFS/Target/sd_diskio.o
 *fill*         0x2000008a        0x2 
 .data._impure_ptr
                0x2000008c        0x4 C:/ST/STM32CubeIDE_1.19.0/STM32CubeIDE/plugins/com.st.stm32cube.ide.mcu.externaltools.gnu-tools-for-stm32.13.3.rel1.win32_1.0.100.202509120712/tools/bin/../lib/gcc/arm-none-eabi/13.3.1/../../../../arm-none-eabi/lib/thumb/v7e-m+fp/hard\libc_nano.a(libc_a-impure.o)
                0x2000008c                _impure_ptr
 .data._impure_data
                0x20000090       0x4c C:/ST/STM32CubeIDE_1.19.0/STM32CubeIDE/plugins/com.st.stm32cube.ide.mcu.externaltools.gnu-tools-for-stm32.13.3.rel1.win32_1.0.100.202509120712/tools/bin/../lib/gcc/arm-none-eabi/13.3.1/../../../../arm-none-eabi/lib/thumb/v7e-m+fp/hard\libc_nano.a(libc_a-impure.o)
                0x20000090                _impure_data
 *(.RamFunc)
 *(.RamFunc*)
                0x200000dc                        . = ALIGN (0x4)
                0x200000dc                        _edata = .

.igot.plt       0x200000dc        0x0 load address 0x0800deb8
 .igot.plt      0x200000dc        0x0 C:/ST/STM32CubeIDE_1.19.0/STM32CubeIDE/plugins/com.st.stm32cube.ide.mcu.externaltools.gnu-tools-for-stm32.13.3.rel1.win32_1.0.100.202509120712/tools/bin/../lib/gcc/arm-none-eabi/13.3.1/thumb/v7e-m+fp/hard/crtbegin.o
                0x200000dc                        . = ALIGN (0x4)

.bss            0x200000dc      0x690 load address 0x0800deb8
                0x200000dc                        _sbss = .
                0x200000dc                        __bss_start__ = _sbss
 *(.bss)
 .bss           0x200000dc       0x1c C:/ST/STM32CubeIDE_1.19.0/STM32CubeIDE/plugins/com.st.stm32cube.ide.mcu.externaltools.gnu-tools-for-stm32.13.3.rel1.win32_1.0.100.202509120712/tools/bin/../lib/gcc/arm-none-eabi/13.3.1/thumb/v7e-m+fp/hard/crtbegin.o
 *(.bss*)
 .bss.hi2c1     0x200000f8       0x54 ./Core/Src/main.o
                0x200000f8                hi2c1
 .bss.hrtc      0x2000014c       0x24 ./Core/Src/main.o
                0x2000014c                hrtc
 .bss.hsd1      0x20000170       0x84 ./Core/Src/main.o
                0x20000170                hsd1
 .bss.hspi1     0x200001f4       0x64 ./Core/Src/main.o
                0x200001f4                hspi1
 .bss.huart1    0x20000258       0x88 ./Core/Src/main.o
                0x20000258                huart1
 .bss.last_modem_response
                0x200002e0      0x100 ./Core/Src/main.o
                0x200002e0                last_modem_response
 .bss.strip.0   0x200003e0      0x200 ./Core/Src/main.o
 .bss.__sbrk_heap_end
                0x200005e0        0x4 ./Core/Src/sysmem.o
 .bss.uwTick    0x200005e4        0x4 ./Drivers/STM32L4xx_HAL_Driver/Src/stm32l4xx_hal.o
                0x200005e4                uwTick
 .bss.retSD     0x200005e8        0x1 ./FATFS/App/fatfs.o
                0x200005e8                retSD
 *fill*         0x200005e9        0x3 
 .bss.SDPath    0x200005ec        0x4 ./FATFS/App/fatfs.o
                0x200005ec                SDPath
 .bss.FatFs     0x200005f0        0x4 ./Middlewares/Third_Party/FatFs/src/ff.o
 .bss.Fsid      0x200005f4        0x2 ./Middlewares/Third_Party/FatFs/src/ff.o
 *fill*         0x200005f6        0x2 
 .bss.Files     0x200005f8       0x20 ./Middlewares/Third_Party/FatFs/src/ff.o
 .bss.disk      0x20000618        0xc ./Middlewares/Third_Party/FatFs/src/ff_gen_drv.o
                0x20000618                disk
 .bss.__sf      0x20000624      0x138 C:/ST/STM32CubeIDE_1.19.0/STM32CubeIDE/plugins/com.st.stm32cube.ide.mcu.externaltools.gnu-tools-for-stm32.13.3.rel1.win32_1.0.100.202509120712/tools/bin/../lib/gcc/arm-none-eabi/13.3.1/../../../../arm-none-eabi/lib/thumb/v7e-m+fp/hard\libc_nano.a(libc_a-findfp.o)
                0x20000624                __sf
 .bss.errno     0x2000075c        0x4 C:/ST/STM32CubeIDE_1.19.0/STM32CubeIDE/plugins/com.st.stm32cube.ide.mcu.externaltools.gnu-tools-for-stm32.13.3.rel1.win32_1.0.100.202509120712/tools/bin/../lib/gcc/arm-none-eabi/13.3.1/../../../../arm-none-eabi/lib/thumb/v7e-m+fp/hard\libc_nano.a(libc_a-reent.o)
                0x2000075c                errno
 .bss.__lock___malloc_recursive_mutex
                0x20000760        0x1 C:/ST/STM32CubeIDE_1.19.0/STM32CubeIDE/plugins/com.st.stm32cube.ide.mcu.externaltools.gnu-tools-for-stm32.13.3.rel1.win32_1.0.100.202509120712/tools/bin/../lib/gcc/arm-none-eabi/13.3.1/../../../../arm-none-eabi/lib/thumb/v7e-m+fp/hard\libc_nano.a(libc_a-lock.o)
                0x20000760                __lock___malloc_recursive_mutex
 *fill*         0x20000761        0x3 
 .bss.__malloc_sbrk_start
                0x20000764        0x4 C:/ST/STM32CubeIDE_1.19.0/STM32CubeIDE/plugins/com.st.stm32cube.ide.mcu.externaltools.gnu-tools-for-stm32.13.3.rel1.win32_1.0.100.202509120712/tools/bin/../lib/gcc/arm-none-eabi/13.3.1/../../../../arm-none-eabi/lib/thumb/v7e-m+fp/hard\libc_nano.a(libc_a-mallocr.o)
                0x20000764                __malloc_sbrk_start
 .bss.__malloc_free_list
                0x20000768        0x4 C:/ST/STM32CubeIDE_1.19.0/STM32CubeIDE/plugins/com.st.stm32cube.ide.mcu.externaltools.gnu-tools-for-stm32.13.3.rel1.win32_1.0.100.202509120712/tools/bin/../lib/gcc/arm-none-eabi/13.3.1/../../../../arm-none-eabi/lib/thumb/v7e-m+fp/hard\libc_nano.a(libc_a-mallocr.o)
                0x20000768                __malloc_free_list
 *(COMMON)
                0x2000076c                        . = ALIGN (0x4)
                0x2000076c                        _ebss = .
                0x2000076c                        __bss_end__ = _ebss

._user_heap_stack
                0x2000076c      0x604 load address 0x0800deb8
                0x20000770                        . = ALIGN (0x8)
 *fill*         0x2000076c        0x4 
                [!provide]                        PROVIDE (end = .)
                0x20000770                        PROVIDE (_end = .)
                0x20000970                        . = (. + _Min_Heap_Size)
 *fill*         0x20000770      0x200 
                0x20000d70                        . = (. + _Min_Stack_Size)
 *fill*         0x20000970      0x400 
                0x20000d70                        . = ALIGN (0x8)

/DISCARD/
 libc.a(*)
 libm.a(*)
 libgcc.a(*)

.ARM.attributes
                0x00000000       0x30
 *(.ARM.attributes)
 .ARM.attributes
                0x00000000       0x22 C:/ST/STM32CubeIDE_1.19.0/STM32CubeIDE/plugins/com.st.stm32cube.ide.mcu.externaltools.gnu-tools-for-stm32.13.3.rel1.win32_1.0.100.202509120712/tools/bin/../lib/gcc/arm-none-eabi/13.3.1/thumb/v7e-m+fp/hard/crti.o
 .ARM.attributes
                0x00000022       0x34 C:/ST/STM32CubeIDE_1.19.0/STM32CubeIDE/plugins/com.st.stm32cube.ide.mcu.externaltools.gnu-tools-for-stm32.13.3.rel1.win32_1.0.100.202509120712/tools/bin/../lib/gcc/arm-none-eabi/13.3.1/thumb/v7e-m+fp/hard/crtbegin.o
 .ARM.attributes
                0x00000056       0x34 ./Core/Src/main.o
 .ARM.attributes
                0x0000008a       0x34 ./Core/Src/stm32l4xx_hal_msp.o
 .ARM.attributes
                0x000000be       0x34 ./Core/Src/stm32l4xx_it.o
 .ARM.attributes
                0x000000f2       0x34 ./Core/Src/sysmem.o
 .ARM.attributes
                0x00000126       0x34 ./Core/Src/system_stm32l4xx.o
 .ARM.attributes
                0x0000015a       0x21 ./Core/Startup/startup_stm32l452retx.o
 .ARM.attributes
                0x0000017b       0x34 ./Drivers/STM32L4xx_HAL_Driver/Src/stm32l4xx_hal.o
 .ARM.attributes
                0x000001af       0x34 ./Drivers/STM32L4xx_HAL_Driver/Src/stm32l4xx_hal_cortex.o
 .ARM.attributes
                0x000001e3       0x34 ./Drivers/STM32L4xx_HAL_Driver/Src/stm32l4xx_hal_gpio.o
 .ARM.attributes
                0x00000217       0x34 ./Drivers/STM32L4xx_HAL_Driver/Src/stm32l4xx_hal_i2c.o
 .ARM.attributes
                0x0000024b       0x34 ./Drivers/STM32L4xx_HAL_Driver/Src/stm32l4xx_hal_i2c_ex.o
 .ARM.attributes
                0x0000027f       0x34 ./Drivers/STM32L4xx_HAL_Driver/Src/stm32l4xx_hal_pwr.o
 .ARM.attributes
                0x000002b3       0x34 ./Drivers/STM32L4xx_HAL_Driver/Src/stm32l4xx_hal_pwr_ex.o
 .ARM.attributes
                0x000002e7       0x34 ./Drivers/STM32L4xx_HAL_Driver/Src/stm32l4xx_hal_rcc.o
 .ARM.attributes
                0x0000031b       0x34 ./Drivers/STM32L4xx_HAL_Driver/Src/stm32l4xx_hal_rcc_ex.o
 .ARM.attributes
                0x0000034f       0x34 ./Drivers/STM32L4xx_HAL_Driver/Src/stm32l4xx_hal_rtc.o
 .ARM.attributes
                0x00000383       0x34 ./Drivers/STM32L4xx_HAL_Driver/Src/stm32l4xx_hal_rtc_ex.o
 .ARM.attributes
                0x000003b7       0x34 ./Drivers/STM32L4xx_HAL_Driver/Src/stm32l4xx_hal_sd.o
 .ARM.attributes
                0x000003eb       0x34 ./Drivers/STM32L4xx_HAL_Driver/Src/stm32l4xx_hal_spi.o
 .ARM.attributes
                0x0000041f       0x34 ./Drivers/STM32L4xx_HAL_Driver/Src/stm32l4xx_hal_uart.o
 .ARM.attributes
                0x00000453       0x34 ./Drivers/STM32L4xx_HAL_Driver/Src/stm32l4xx_ll_sdmmc.o
 .ARM.attributes
                0x00000487       0x34 ./FATFS/App/fatfs.o
 .ARM.attributes
                0x000004bb       0x34 ./FATFS/Target/sd_diskio.o
 .ARM.attributes
                0x000004ef       0x34 ./Middlewares/Third_Party/FatFs/src/diskio.o
 .ARM.attributes
                0x00000523       0x34 ./Middlewares/Third_Party/FatFs/src/ff.o
 .ARM.attributes
                0x00000557       0x34 ./Middlewares/Third_Party/FatFs/src/ff_gen_drv.o
 .ARM.attributes
                0x0000058b       0x34 ./Middlewares/Third_Party/FatFs/src/option/ccsbcs.o
 .ARM.attributes
                0x000005bf       0x34 C:/ST/STM32CubeIDE_1.19.0/STM32CubeIDE/plugins/com.st.stm32cube.ide.mcu.externaltools.gnu-tools-for-stm32.13.3.rel1.win32_1.0.100.202509120712/tools/bin/../lib/gcc/arm-none-eabi/13.3.1/../../../../arm-none-eabi/lib/thumb/v7e-m+fp/hard\libc_nano.a(libc_a-findfp.o)
 .ARM.attributes
                0x000005f3       0x34 C:/ST/STM32CubeIDE_1.19.0/STM32CubeIDE/plugins/com.st.stm32cube.ide.mcu.externaltools.gnu-tools-for-stm32.13.3.rel1.win32_1.0.100.202509120712/tools/bin/../lib/gcc/arm-none-eabi/13.3.1/../../../../arm-none-eabi/lib/thumb/v7e-m+fp/hard\libc_nano.a(libc_a-snprintf.o)
 .ARM.attributes
                0x00000627       0x34 C:/ST/STM32CubeIDE_1.19.0/STM32CubeIDE/plugins/com.st.stm32cube.ide.mcu.externaltools.gnu-tools-for-stm32.13.3.rel1.win32_1.0.100.202509120712/tools/bin/../lib/gcc/arm-none-eabi/13.3.1/../../../../arm-none-eabi/lib/thumb/v7e-m+fp/hard\libc_nano.a(libc_a-memset.o)
 .ARM.attributes
                0x0000065b       0x34 C:/ST/STM32CubeIDE_1.19.0/STM32CubeIDE/plugins/com.st.stm32cube.ide.mcu.externaltools.gnu-tools-for-stm32.13.3.rel1.win32_1.0.100.202509120712/tools/bin/../lib/gcc/arm-none-eabi/13.3.1/../../../../arm-none-eabi/lib/thumb/v7e-m+fp/hard\libc_nano.a(libc_a-strstr.o)
 .ARM.attributes
                0x0000068f       0x34 C:/ST/STM32CubeIDE_1.19.0/STM32CubeIDE/plugins/com.st.stm32cube.ide.mcu.externaltools.gnu-tools-for-stm32.13.3.rel1.win32_1.0.100.202509120712/tools/bin/../lib/gcc/arm-none-eabi/13.3.1/../../../../arm-none-eabi/lib/thumb/v7e-m+fp/hard\libc_nano.a(libc_a-reent.o)
 .ARM.attributes
                0x000006c3       0x34 C:/ST/STM32CubeIDE_1.19.0/STM32CubeIDE/plugins/com.st.stm32cube.ide.mcu.externaltools.gnu-tools-for-stm32.13.3.rel1.win32_1.0.100.202509120712/tools/bin/../lib/gcc/arm-none-eabi/13.3.1/../../../../arm-none-eabi/lib/thumb/v7e-m+fp/hard\libc_nano.a(libc_a-impure.o)
 .ARM.attributes
                0x000006f7       0x34 C:/ST/STM32CubeIDE_1.19.0/STM32CubeIDE/plugins/com.st.stm32cube.ide.mcu.externaltools.gnu-tools-for-stm32.13.3.rel1.win32_1.0.100.202509120712/tools/bin/../lib/gcc/arm-none-eabi/13.3.1/../../../../arm-none-eabi/lib/thumb/v7e-m+fp/hard\libc_nano.a(libc_a-errno.o)
 .ARM.attributes
                0x0000072b       0x34 C:/ST/STM32CubeIDE_1.19.0/STM32CubeIDE/plugins/com.st.stm32cube.ide.mcu.externaltools.gnu-tools-for-stm32.13.3.rel1.win32_1.0.100.202509120712/tools/bin/../lib/gcc/arm-none-eabi/13.3.1/../../../../arm-none-eabi/lib/thumb/v7e-m+fp/hard\libc_nano.a(libc_a-init.o)
 .ARM.attributes
                0x0000075f       0x34 C:/ST/STM32CubeIDE_1.19.0/STM32CubeIDE/plugins/com.st.stm32cube.ide.mcu.externaltools.gnu-tools-for-stm32.13.3.rel1.win32_1.0.100.202509120712/tools/bin/../lib/gcc/arm-none-eabi/13.3.1/../../../../arm-none-eabi/lib/thumb/v7e-m+fp/hard\libc_nano.a(libc_a-lock.o)
 .ARM.attributes
                0x00000793       0x17 C:/ST/STM32CubeIDE_1.19.0/STM32CubeIDE/plugins/com.st.stm32cube.ide.mcu.externaltools.gnu-tools-for-stm32.13.3.rel1.win32_1.0.100.202509120712/tools/bin/../lib/gcc/arm-none-eabi/13.3.1/../../../../arm-none-eabi/lib/thumb/v7e-m+fp/hard\libc_nano.a(libc_a-strlen.o)
 .ARM.attributes
                0x000007aa       0x34 C:/ST/STM32CubeIDE_1.19.0/STM32CubeIDE/plugins/com.st.stm32cube.ide.mcu.externaltools.gnu-tools-for-stm32.13.3.rel1.win32_1.0.100.202509120712/tools/bin/../lib/gcc/arm-none-eabi/13.3.1/../../../../arm-none-eabi/lib/thumb/v7e-m+fp/hard\libc_nano.a(libc_a-freer.o)
 .ARM.attributes
                0x000007de       0x34 C:/ST/STM32CubeIDE_1.19.0/STM32CubeIDE/plugins/com.st.stm32cube.ide.mcu.externaltools.gnu-tools-for-stm32.13.3.rel1.win32_1.0.100.202509120712/tools/bin/../lib/gcc/arm-none-eabi/13.3.1/../../../../arm-none-eabi/lib/thumb/v7e-m+fp/hard\libc_nano.a(libc_a-mallocr.o)
 .ARM.attributes
                0x00000812       0x34 C:/ST/STM32CubeIDE_1.19.0/STM32CubeIDE/plugins/com.st.stm32cube.ide.mcu.externaltools.gnu-tools-for-stm32.13.3.rel1.win32_1.0.100.202509120712/tools/bin/../lib/gcc/arm-none-eabi/13.3.1/../../../../arm-none-eabi/lib/thumb/v7e-m+fp/hard\libc_nano.a(libc_a-mlock.o)
 .ARM.attributes
                0x00000846       0x34 C:/ST/STM32CubeIDE_1.19.0/STM32CubeIDE/plugins/com.st.stm32cube.ide.mcu.externaltools.gnu-tools-for-stm32.13.3.rel1.win32_1.0.100.202509120712/tools/bin/../lib/gcc/arm-none-eabi/13.3.1/../../../../arm-none-eabi/lib/thumb/v7e-m+fp/hard\libc_nano.a(libc_a-nano-svfprintf.o)
 .ARM.attributes
                0x0000087a       0x34 C:/ST/STM32CubeIDE_1.19.0/STM32CubeIDE/plugins/com.st.stm32cube.ide.mcu.externaltools.gnu-tools-for-stm32.13.3.rel1.win32_1.0.100.202509120712/tools/bin/../lib/gcc/arm-none-eabi/13.3.1/../../../../arm-none-eabi/lib/thumb/v7e-m+fp/hard\libc_nano.a(libc_a-nano-vfprintf_i.o)
 .ARM.attributes
                0x000008ae       0x34 C:/ST/STM32CubeIDE_1.19.0/STM32CubeIDE/plugins/com.st.stm32cube.ide.mcu.externaltools.gnu-tools-for-stm32.13.3.rel1.win32_1.0.100.202509120712/tools/bin/../lib/gcc/arm-none-eabi/13.3.1/../../../../arm-none-eabi/lib/thumb/v7e-m+fp/hard\libc_nano.a(libc_a-memmove.o)
 .ARM.attributes
                0x000008e2       0x34 C:/ST/STM32CubeIDE_1.19.0/STM32CubeIDE/plugins/com.st.stm32cube.ide.mcu.externaltools.gnu-tools-for-stm32.13.3.rel1.win32_1.0.100.202509120712/tools/bin/../lib/gcc/arm-none-eabi/13.3.1/../../../../arm-none-eabi/lib/thumb/v7e-m+fp/hard\libc_nano.a(libc_a-sbrkr.o)
 .ARM.attributes
                0x00000916       0x1c C:/ST/STM32CubeIDE_1.19.0/STM32CubeIDE/plugins/com.st.stm32cube.ide.mcu.externaltools.gnu-tools-for-stm32.13.3.rel1.win32_1.0.100.202509120712/tools/bin/../lib/gcc/arm-none-eabi/13.3.1/../../../../arm-none-eabi/lib/thumb/v7e-m+fp/hard\libc_nano.a(libc_a-memchr.o)
 .ARM.attributes
                0x00000932       0x34 C:/ST/STM32CubeIDE_1.19.0/STM32CubeIDE/plugins/com.st.stm32cube.ide.mcu.externaltools.gnu-tools-for-stm32.13.3.rel1.win32_1.0.100.202509120712/tools/bin/../lib/gcc/arm-none-eabi/13.3.1/../../../../arm-none-eabi/lib/thumb/v7e-m+fp/hard\libc_nano.a(libc_a-memcpy-stub.o)
 .ARM.attributes
                0x00000966       0x34 C:/ST/STM32CubeIDE_1.19.0/STM32CubeIDE/plugins/com.st.stm32cube.ide.mcu.externaltools.gnu-tools-for-stm32.13.3.rel1.win32_1.0.100.202509120712/tools/bin/../lib/gcc/arm-none-eabi/13.3.1/../../../../arm-none-eabi/lib/thumb/v7e-m+fp/hard\libc_nano.a(libc_a-reallocr.o)
 .ARM.attributes
                0x0000099a       0x34 C:/ST/STM32CubeIDE_1.19.0/STM32CubeIDE/plugins/com.st.stm32cube.ide.mcu.externaltools.gnu-tools-for-stm32.13.3.rel1.win32_1.0.100.202509120712/tools/bin/../lib/gcc/arm-none-eabi/13.3.1/../../../../arm-none-eabi/lib/thumb/v7e-m+fp/hard\libc_nano.a(libc_a-msizer.o)
 .ARM.attributes
                0x000009ce       0x22 C:/ST/STM32CubeIDE_1.19.0/STM32CubeIDE/plugins/com.st.stm32cube.ide.mcu.externaltools.gnu-tools-for-stm32.13.3.rel1.win32_1.0.100.202509120712/tools/bin/../lib/gcc/arm-none-eabi/13.3.1/thumb/v7e-m+fp/hard\libgcc.a(_aeabi_uldivmod.o)
 .ARM.attributes
                0x000009f0       0x34 C:/ST/STM32CubeIDE_1.19.0/STM32CubeIDE/plugins/com.st.stm32cube.ide.mcu.externaltools.gnu-tools-for-stm32.13.3.rel1.win32_1.0.100.202509120712/tools/bin/../lib/gcc/arm-none-eabi/13.3.1/thumb/v7e-m+fp/hard\libgcc.a(_udivmoddi4.o)
 .ARM.attributes
                0x00000a24       0x22 C:/ST/STM32CubeIDE_1.19.0/STM32CubeIDE/plugins/com.st.stm32cube.ide.mcu.externaltools.gnu-tools-for-stm32.13.3.rel1.win32_1.0.100.202509120712/tools/bin/../lib/gcc/arm-none-eabi/13.3.1/thumb/v7e-m+fp/hard\libgcc.a(_dvmd_tls.o)
 .ARM.attributes
                0x00000a46       0x22 C:/ST/STM32CubeIDE_1.19.0/STM32CubeIDE/plugins/com.st.stm32cube.ide.mcu.externaltools.gnu-tools-for-stm32.13.3.rel1.win32_1.0.100.202509120712/tools/bin/../lib/gcc/arm-none-eabi/13.3.1/thumb/v7e-m+fp/hard/crtn.o
OUTPUT(Firmware.elf elf32-littlearm)
LOAD linker stubs
LOAD C:/ST/STM32CubeIDE_1.19.0/STM32CubeIDE/plugins/com.st.stm32cube.ide.mcu.externaltools.gnu-tools-for-stm32.13.3.rel1.win32_1.0.100.202509120712/tools/bin/../lib/gcc/arm-none-eabi/13.3.1/../../../../arm-none-eabi/lib/thumb/v7e-m+fp/hard\libc.a
LOAD C:/ST/STM32CubeIDE_1.19.0/STM32CubeIDE/plugins/com.st.stm32cube.ide.mcu.externaltools.gnu-tools-for-stm32.13.3.rel1.win32_1.0.100.202509120712/tools/bin/../lib/gcc/arm-none-eabi/13.3.1/../../../../arm-none-eabi/lib/thumb/v7e-m+fp/hard\libm.a
LOAD C:/ST/STM32CubeIDE_1.19.0/STM32CubeIDE/plugins/com.st.stm32cube.ide.mcu.externaltools.gnu-tools-for-stm32.13.3.rel1.win32_1.0.100.202509120712/tools/bin/../lib/gcc/arm-none-eabi/13.3.1/thumb/v7e-m+fp/hard\libgcc.a

.debug_info     0x00000000    0x1a2cc
 .debug_info    0x00000000     0x2951 ./Core/Src/main.o
 .debug_info    0x00002951     0x1b78 ./Core/Src/stm32l4xx_hal_msp.o
 .debug_info    0x000044c9      0x157 ./Core/Src/stm32l4xx_it.o
 .debug_info    0x00004620      0x168 ./Core/Src/sysmem.o
 .debug_info    0x00004788      0x5fe ./Core/Src/system_stm32l4xx.o
 .debug_info    0x00004d86       0x30 ./Core/Startup/startup_stm32l452retx.o
 .debug_info    0x00004db6      0xb01 ./Drivers/STM32L4xx_HAL_Driver/Src/stm32l4xx_hal.o
 .debug_info    0x000058b7      0xd65 ./Drivers/STM32L4xx_HAL_Driver/Src/stm32l4xx_hal_cortex.o
 .debug_info    0x0000661c      0x7ab ./Drivers/STM32L4xx_HAL_Driver/Src/stm32l4xx_hal_gpio.o
 .debug_info    0x00006dc7     0x20fc ./Drivers/STM32L4xx_HAL_Driver/Src/stm32l4xx_hal_i2c.o
 .debug_info    0x00008ec3      0x9b7 ./Drivers/STM32L4xx_HAL_Driver/Src/stm32l4xx_hal_i2c_ex.o
 .debug_info    0x0000987a      0x966 ./Drivers/STM32L4xx_HAL_Driver/Src/stm32l4xx_hal_pwr.o
 .debug_info    0x0000a1e0      0x94c ./Drivers/STM32L4xx_HAL_Driver/Src/stm32l4xx_hal_pwr_ex.o
 .debug_info    0x0000ab2c      0xc01 ./Drivers/STM32L4xx_HAL_Driver/Src/stm32l4xx_hal_rcc.o
 .debug_info    0x0000b72d      0xf7b ./Drivers/STM32L4xx_HAL_Driver/Src/stm32l4xx_hal_rcc_ex.o
 .debug_info    0x0000c6a8      0xda9 ./Drivers/STM32L4xx_HAL_Driver/Src/stm32l4xx_hal_rtc.o
 .debug_info    0x0000d451     0x1009 ./Drivers/STM32L4xx_HAL_Driver/Src/stm32l4xx_hal_rtc_ex.o
 .debug_info    0x0000e45a     0x1c19 ./Drivers/STM32L4xx_HAL_Driver/Src/stm32l4xx_hal_sd.o
 .debug_info    0x00010073     0x1572 ./Drivers/STM32L4xx_HAL_Driver/Src/stm32l4xx_hal_spi.o
 .debug_info    0x000115e5     0x3baa ./Drivers/STM32L4xx_HAL_Driver/Src/stm32l4xx_hal_uart.o
 .debug_info    0x0001518f     0x117c ./Drivers/STM32L4xx_HAL_Driver/Src/stm32l4xx_ll_sdmmc.o
 .debug_info    0x0001630b      0x527 ./FATFS/App/fatfs.o
 .debug_info    0x00016832      0xa50 ./FATFS/Target/sd_diskio.o
 .debug_info    0x00017282      0x411 ./Middlewares/Third_Party/FatFs/src/diskio.o
 .debug_info    0x00017693     0x2689 ./Middlewares/Third_Party/FatFs/src/ff.o
 .debug_info    0x00019d1c      0x3b1 ./Middlewares/Third_Party/FatFs/src/ff_gen_drv.o
 .debug_info    0x0001a0cd      0x1ff ./Middlewares/Third_Party/FatFs/src/option/ccsbcs.o

.debug_abbrev   0x00000000     0x35ff
 .debug_abbrev  0x00000000      0x3d8 ./Core/Src/main.o
 .debug_abbrev  0x000003d8      0x25a ./Core/Src/stm32l4xx_hal_msp.o
 .debug_abbrev  0x00000632       0xac ./Core/Src/stm32l4xx_it.o
 .debug_abbrev  0x000006de       0xbc ./Core/Src/sysmem.o
 .debug_abbrev  0x0000079a      0x117 ./Core/Src/system_stm32l4xx.o
 .debug_abbrev  0x000008b1       0x24 ./Core/Startup/startup_stm32l452retx.o
 .debug_abbrev  0x000008d5      0x243 ./Drivers/STM32L4xx_HAL_Driver/Src/stm32l4xx_hal.o
 .debug_abbrev  0x00000b18      0x31c ./Drivers/STM32L4xx_HAL_Driver/Src/stm32l4xx_hal_cortex.o
 .debug_abbrev  0x00000e34      0x1d1 ./Drivers/STM32L4xx_HAL_Driver/Src/stm32l4xx_hal_gpio.o
 .debug_abbrev  0x00001005      0x285 ./Drivers/STM32L4xx_HAL_Driver/Src/stm32l4xx_hal_i2c.o
 .debug_abbrev  0x0000128a      0x1cb ./Drivers/STM32L4xx_HAL_Driver/Src/stm32l4xx_hal_i2c_ex.o
 .debug_abbrev  0x00001455      0x1e5 ./Drivers/STM32L4xx_HAL_Driver/Src/stm32l4xx_hal_pwr.o
 .debug_abbrev  0x0000163a      0x1f9 ./Drivers/STM32L4xx_HAL_Driver/Src/stm32l4xx_hal_pwr_ex.o
 .debug_abbrev  0x00001833      0x2dc ./Drivers/STM32L4xx_HAL_Driver/Src/stm32l4xx_hal_rcc.o
 .debug_abbrev  0x00001b0f      0x2a0 ./Drivers/STM32L4xx_HAL_Driver/Src/stm32l4xx_hal_rcc_ex.o
 .debug_abbrev  0x00001daf      0x21a ./Drivers/STM32L4xx_HAL_Driver/Src/stm32l4xx_hal_rtc.o
 .debug_abbrev  0x00001fc9      0x228 ./Drivers/STM32L4xx_HAL_Driver/Src/stm32l4xx_hal_rtc_ex.o
 .debug_abbrev  0x000021f1      0x2a8 ./Drivers/STM32L4xx_HAL_Driver/Src/stm32l4xx_hal_sd.o
 .debug_abbrev  0x00002499      0x282 ./Drivers/STM32L4xx_HAL_Driver/Src/stm32l4xx_hal_spi.o
 .debug_abbrev  0x0000271b      0x2f3 ./Drivers/STM32L4xx_HAL_Driver/Src/stm32l4xx_hal_uart.o
 .debug_abbrev  0x00002a0e      0x1f3 ./Drivers/STM32L4xx_HAL_Driver/Src/stm32l4xx_ll_sdmmc.o
 .debug_abbrev  0x00002c01      0x16f ./FATFS/App/fatfs.o
 .debug_abbrev  0x00002d70      0x1ec ./FATFS/Target/sd_diskio.o
 .debug_abbrev  0x00002f5c      0x17e ./Middlewares/Third_Party/FatFs/src/diskio.o
 .debug_abbrev  0x000030da      0x29b ./Middlewares/Third_Party/FatFs/src/ff.o
 .debug_abbrev  0x00003375      0x19c ./Middlewares/Third_Party/FatFs/src/ff_gen_drv.o
 .debug_abbrev  0x00003511       0xee ./Middlewares/Third_Party/FatFs/src/option/ccsbcs.o

.debug_aranges  0x00000000     0x1750
 .debug_aranges
                0x00000000       0xc8 ./Core/Src/main.o
 .debug_aranges
                0x000000c8       0x70 ./Core/Src/stm32l4xx_hal_msp.o
 .debug_aranges
                0x00000138       0x60 ./Core/Src/stm32l4xx_it.o
 .debug_aranges
                0x00000198       0x20 ./Core/Src/sysmem.o
 .debug_aranges
                0x000001b8       0x28 ./Core/Src/system_stm32l4xx.o
 .debug_aranges
                0x000001e0       0x28 ./Core/Startup/startup_stm32l452retx.o
 .debug_aranges
                0x00000208      0x130 ./Drivers/STM32L4xx_HAL_Driver/Src/stm32l4xx_hal.o
 .debug_aranges
                0x00000338      0x128 ./Drivers/STM32L4xx_HAL_Driver/Src/stm32l4xx_hal_cortex.o
 .debug_aranges
                0x00000460       0x58 ./Drivers/STM32L4xx_HAL_Driver/Src/stm32l4xx_hal_gpio.o
 .debug_aranges
                0x000004b8      0x2a0 ./Drivers/STM32L4xx_HAL_Driver/Src/stm32l4xx_hal_i2c.o
 .debug_aranges
                0x00000758       0x48 ./Drivers/STM32L4xx_HAL_Driver/Src/stm32l4xx_hal_i2c_ex.o
 .debug_aranges
                0x000007a0       0x98 ./Drivers/STM32L4xx_HAL_Driver/Src/stm32l4xx_hal_pwr.o
 .debug_aranges
                0x00000838      0x128 ./Drivers/STM32L4xx_HAL_Driver/Src/stm32l4xx_hal_pwr_ex.o
 .debug_aranges
                0x00000960       0x90 ./Drivers/STM32L4xx_HAL_Driver/Src/stm32l4xx_hal_rcc.o
 .debug_aranges
                0x000009f0       0xf0 ./Drivers/STM32L4xx_HAL_Driver/Src/stm32l4xx_hal_rcc_ex.o
 .debug_aranges
                0x00000ae0       0xe8 ./Drivers/STM32L4xx_HAL_Driver/Src/stm32l4xx_hal_rtc.o
 .debug_aranges
                0x00000bc8      0x140 ./Drivers/STM32L4xx_HAL_Driver/Src/stm32l4xx_hal_rtc_ex.o
 .debug_aranges
                0x00000d08      0x168 ./Drivers/STM32L4xx_HAL_Driver/Src/stm32l4xx_hal_sd.o
 .debug_aranges
                0x00000e70      0x1d8 ./Drivers/STM32L4xx_HAL_Driver/Src/stm32l4xx_hal_spi.o
 .debug_aranges
                0x00001048      0x228 ./Drivers/STM32L4xx_HAL_Driver/Src/stm32l4xx_hal_uart.o
 .debug_aranges
                0x00001270      0x190 ./Drivers/STM32L4xx_HAL_Driver/Src/stm32l4xx_ll_sdmmc.o
 .debug_aranges
                0x00001400       0x28 ./FATFS/App/fatfs.o
 .debug_aranges
                0x00001428       0x48 ./FATFS/Target/sd_diskio.o
 .debug_aranges
                0x00001470       0x48 ./Middlewares/Third_Party/FatFs/src/diskio.o
 .debug_aranges
                0x000014b8      0x230 ./Middlewares/Third_Party/FatFs/src/ff.o
 .debug_aranges
                0x000016e8       0x40 ./Middlewares/Third_Party/FatFs/src/ff_gen_drv.o
 .debug_aranges
                0x00001728       0x28 ./Middlewares/Third_Party/FatFs/src/option/ccsbcs.o

.debug_rnglists
                0x00000000     0x1228
 .debug_rnglists
                0x00000000       0xaa ./Core/Src/main.o
 .debug_rnglists
                0x000000aa       0x53 ./Core/Src/stm32l4xx_hal_msp.o
 .debug_rnglists
                0x000000fd       0x43 ./Core/Src/stm32l4xx_it.o
 .debug_rnglists
                0x00000140       0x13 ./Core/Src/sysmem.o
 .debug_rnglists
                0x00000153       0x1a ./Core/Src/system_stm32l4xx.o
 .debug_rnglists
                0x0000016d       0x19 ./Core/Startup/startup_stm32l452retx.o
 .debug_rnglists
                0x00000186       0xdf ./Drivers/STM32L4xx_HAL_Driver/Src/stm32l4xx_hal.o
 .debug_rnglists
                0x00000265       0xda ./Drivers/STM32L4xx_HAL_Driver/Src/stm32l4xx_hal_cortex.o
 .debug_rnglists
                0x0000033f       0x3f ./Drivers/STM32L4xx_HAL_Driver/Src/stm32l4xx_hal_gpio.o
 .debug_rnglists
                0x0000037e      0x228 ./Drivers/STM32L4xx_HAL_Driver/Src/stm32l4xx_hal_i2c.o
 .debug_rnglists
                0x000005a6       0x35 ./Drivers/STM32L4xx_HAL_Driver/Src/stm32l4xx_hal_i2c_ex.o
 .debug_rnglists
                0x000005db       0x6e ./Drivers/STM32L4xx_HAL_Driver/Src/stm32l4xx_hal_pwr.o
 .debug_rnglists
                0x00000649       0xdf ./Drivers/STM32L4xx_HAL_Driver/Src/stm32l4xx_hal_pwr_ex.o
 .debug_rnglists
                0x00000728       0x6d ./Drivers/STM32L4xx_HAL_Driver/Src/stm32l4xx_hal_rcc.o
 .debug_rnglists
                0x00000795       0xba ./Drivers/STM32L4xx_HAL_Driver/Src/stm32l4xx_hal_rcc_ex.o
 .debug_rnglists
                0x0000084f       0xb4 ./Drivers/STM32L4xx_HAL_Driver/Src/stm32l4xx_hal_rtc.o
 .debug_rnglists
                0x00000903       0xfc ./Drivers/STM32L4xx_HAL_Driver/Src/stm32l4xx_hal_rtc_ex.o
 .debug_rnglists
                0x000009ff      0x122 ./Drivers/STM32L4xx_HAL_Driver/Src/stm32l4xx_hal_sd.o
 .debug_rnglists
                0x00000b21      0x178 ./Drivers/STM32L4xx_HAL_Driver/Src/stm32l4xx_hal_spi.o
 .debug_rnglists
                0x00000c99      0x1da ./Drivers/STM32L4xx_HAL_Driver/Src/stm32l4xx_hal_uart.o
 .debug_rnglists
                0x00000e73      0x12b ./Drivers/STM32L4xx_HAL_Driver/Src/stm32l4xx_ll_sdmmc.o
 .debug_rnglists
                0x00000f9e       0x19 ./FATFS/App/fatfs.o
 .debug_rnglists
                0x00000fb7       0x32 ./FATFS/Target/sd_diskio.o
 .debug_rnglists
                0x00000fe9       0x31 ./Middlewares/Third_Party/FatFs/src/diskio.o
 .debug_rnglists
                0x0000101a      0x1c8 ./Middlewares/Third_Party/FatFs/src/ff.o
 .debug_rnglists
                0x000011e2       0x2c ./Middlewares/Third_Party/FatFs/src/ff_gen_drv.o
 .debug_rnglists
                0x0000120e       0x1a ./Middlewares/Third_Party/FatFs/src/option/ccsbcs.o

.debug_macro    0x00000000    0x2682b
 .debug_macro   0x00000000      0x3d5 ./Core/Src/main.o
 .debug_macro   0x000003d5      0xad8 ./Core/Src/main.o
 .debug_macro   0x00000ead      0x1b9 ./Core/Src/main.o
 .debug_macro   0x00001066       0x2e ./Core/Src/main.o
 .debug_macro   0x00001094       0x28 ./Core/Src/main.o
 .debug_macro   0x000010bc       0x22 ./Core/Src/main.o
 .debug_macro   0x000010de       0x8e ./Core/Src/main.o
 .debug_macro   0x0000116c       0x51 ./Core/Src/main.o
 .debug_macro   0x000011bd      0x103 ./Core/Src/main.o
 .debug_macro   0x000012c0       0x6a ./Core/Src/main.o
 .debug_macro   0x0000132a      0x1df ./Core/Src/main.o
 .debug_macro   0x00001509       0x1c ./Core/Src/main.o
 .debug_macro   0x00001525       0x22 ./Core/Src/main.o
 .debug_macro   0x00001547       0xfb ./Core/Src/main.o
 .debug_macro   0x00001642     0x1011 ./Core/Src/main.o
 .debug_macro   0x00002653      0x11f ./Core/Src/main.o
 .debug_macro   0x00002772    0x16336 ./Core/Src/main.o
 .debug_macro   0x00018aa8       0x6d ./Core/Src/main.o
 .debug_macro   0x00018b15     0x38fb ./Core/Src/main.o
 .debug_macro   0x0001c410      0x190 ./Core/Src/main.o
 .debug_macro   0x0001c5a0       0x5c ./Core/Src/main.o
 .debug_macro   0x0001c5fc     0x13fa ./Core/Src/main.o
 .debug_macro   0x0001d9f6      0x646 ./Core/Src/main.o
 .debug_macro   0x0001e03c      0x1b9 ./Core/Src/main.o
 .debug_macro   0x0001e1f5      0x168 ./Core/Src/main.o
 .debug_macro   0x0001e35d      0x2c4 ./Core/Src/main.o
 .debug_macro   0x0001e621      0x27a ./Core/Src/main.o
 .debug_macro   0x0001e89b      0x23d ./Core/Src/main.o
 .debug_macro   0x0001ead8      0x241 ./Core/Src/main.o
 .debug_macro   0x0001ed19      0x375 ./Core/Src/main.o
 .debug_macro   0x0001f08e       0xd6 ./Core/Src/main.o
 .debug_macro   0x0001f164      0x22c ./Core/Src/main.o
 .debug_macro   0x0001f390       0x61 ./Core/Src/main.o
 .debug_macro   0x0001f3f1       0xa5 ./Core/Src/main.o
 .debug_macro   0x0001f496      0x122 ./Core/Src/main.o
 .debug_macro   0x0001f5b8      0x364 ./Core/Src/main.o
 .debug_macro   0x0001f91c      0x321 ./Core/Src/main.o
 .debug_macro   0x0001fc3d      0x4fb ./Core/Src/main.o
 .debug_macro   0x00020138       0xeb ./Core/Src/main.o
 .debug_macro   0x00020223      0x781 ./Core/Src/main.o
 .debug_macro   0x000209a4      0x1d5 ./Core/Src/main.o
 .debug_macro   0x00020b79      0x2fe ./Core/Src/main.o
 .debug_macro   0x00020e77      0x5cf ./Core/Src/main.o
 .debug_macro   0x00021446       0x44 ./Core/Src/main.o
 .debug_macro   0x0002148a      0x2eb ./Core/Src/main.o
 .debug_macro   0x00021775       0x46 ./Core/Src/main.o
 .debug_macro   0x000217bb       0xe5 ./Core/Src/main.o
 .debug_macro   0x000218a0       0x2a ./Core/Src/main.o
 .debug_macro   0x000218ca       0x61 ./Core/Src/main.o
 .debug_macro   0x0002192b       0x43 ./Core/Src/main.o
 .debug_macro   0x0002196e       0x34 ./Core/Src/main.o
 .debug_macro   0x000219a2       0x16 ./Core/Src/main.o
 .debug_macro   0x000219b8       0x3c ./Core/Src/main.o
 .debug_macro   0x000219f4      0x370 ./Core/Src/main.o
 .debug_macro   0x00021d64       0x16 ./Core/Src/main.o
 .debug_macro   0x00021d7a       0x4a ./Core/Src/main.o
 .debug_macro   0x00021dc4       0x34 ./Core/Src/main.o
 .debug_macro   0x00021df8       0x10 ./Core/Src/main.o
 .debug_macro   0x00021e08       0x58 ./Core/Src/main.o
 .debug_macro   0x00021e60       0x8e ./Core/Src/main.o
 .debug_macro   0x00021eee       0x1c ./Core/Src/main.o
 .debug_macro   0x00021f0a      0x185 ./Core/Src/main.o