../Core/Src/main.c:115:20:ADS_CS_Low	8	static
../Core/Src/main.c:121:20:ADS_CS_High	8	static
../Core/Src/main.c:127:13:ADS_SendCommand	16	static
../Core/Src/main.c:135:13:ADS_WriteReg	24	static
../Core/Src/main.c:145:16:ADS_ReadReg	32	static
../Core/Src/main.c:162:26:ADS_Init	16	static
../Core/Src/main.c:219:26:ADS_ReadData	64	static
../Core/Src/main.c:261:16:Modem_PowerOn	8	static
../Core/Src/main.c:293:13:Modem_PowerOff	8	static
../Core/Src/main.c:307:9:Send_AT_Command	40	static
../Core/Src/main.c:341:13:Modem_SendRaw	16	static
../Core/Src/main.c:370:16:Upload_File	680	static
../Core/Src/main.c:515:13:Rename_File	16	static
../Core/Src/main.c:526:5:main	1592	static
../Core/Src/main.c:793:6:SystemClock_Config	96	static
../Core/Src/main.c:834:13:MX_I2C1_Init	8	static
../Core/Src/main.c:850:13:MX_RTC_Init	32	static
../Core/Src/main.c:902:13:MX_SDMMC1_SD_Init	8	static
../Core/Src/main.c:917:13:MX_SPI1_Init	8	static
../Core/Src/main.c:938:13:MX_USART1_UART_Init	8	static
../Core/Src/main.c:954:13:MX_GPIO_Init	48	static
../Core/Src/main.c:1005:6:Error_Handler	4	static,ignoring_inline_asm
