../Core/Src/main.c:81:20:ADS_CS_Low	8	static
../Core/Src/main.c:90:20:ADS_CS_High	8	static
../Core/Src/main.c:100:13:ADS_SendCommand	16	static
../Core/Src/main.c:112:13:ADS_WriteReg	24	static
../Core/Src/main.c:127:16:ADS_ReadReg	32	static
../Core/Src/main.c:153:26:ADS_Init	16	static
../Core/Src/main.c:237:26:ADS_ReadData	64	static
../Core/Src/main.c:273:5:main	1480	static
../Core/Src/main.c:483:6:SystemClock_Config	96	static
../Core/Src/main.c:524:13:MX_I2C1_Init	8	static
../Core/Src/main.c:540:13:MX_RTC_Init	32	static
../Core/Src/main.c:619:13:MX_SDMMC1_SD_Init	8	static
../Core/Src/main.c:634:13:MX_SPI1_Init	8	static
../Core/Src/main.c:657:13:MX_USART1_UART_Init	8	static
../Core/Src/main.c:673:13:MX_GPIO_Init	48	static
../Core/Src/main.c:729:6:Error_Handler	4	static,ignoring_inline_asm
