../Core/Src/main.c:176:16:IsReadyFileName	24	static
../Core/Src/main.c:190:20:ADS_CS	16	static
../Core/Src/main.c:196:13:ADS_Command	16	static
../Core/Src/main.c:204:13:ADS_WriteReg	24	static
../Core/Src/main.c:213:16:ADS_ReadReg	32	static
../Core/Src/main.c:224:26:ADS_ConfigureAndStartAttempt	24	static
../Core/Src/main.c:336:26:ADS_StartAcquisition	16	static
../Core/Src/main.c:367:13:ADS_StopAcquisition	8	static
../Core/Src/main.c:379:13:ADS_CaptureFromISR	64	static,ignoring_inline_asm
../Core/Src/main.c:417:6:HAL_GPIO_EXTI_Callback	16	static
../Core/Src/main.c:431:13:ADS_Service	16	static
../Core/Src/main.c:456:26:LIS3DH_Init	32	static
../Core/Src/main.c:467:13:LIS3DH_Service	40	static
../Core/Src/main.c:483:13:MakePath	32	static
../Core/Src/main.c:488:13:ReadyName	24	static
../Core/Src/main.c:493:16:Logger_OpenActive	48	static
../Core/Src/main.c:514:16:Logger_CloseAndQueue	104	static
../Core/Src/main.c:573:16:Logger_StartRecording	8	static
../Core/Src/main.c:579:16:SD_RemountForLogger	16	static
../Core/Src/main.c:619:16:Logger_SyncActiveFile	16	static
../Core/Src/main.c:631:16:Logger_StartRecordingWithRecovery	16	static
../Core/Src/main.c:644:16:Logger_FinalizeRecording	40	static
../Core/Src/main.c:662:13:Logger_Drain	192	static
../Core/Src/main.c:702:13:Logger_ScanQueue	352	static
../Core/Src/main.c:723:13:Logger_RecoverQueue	368	static
../Core/Src/main.c:754:16:FindOldestReady	384	static
../Core/Src/main.c:776:13:Modem_StopRx	8	static
../Core/Src/main.c:782:26:Modem_StartRx	16	static
../Core/Src/main.c:797:6:HAL_UART_RxCpltCallback	16	static
../Core/Src/main.c:809:6:HAL_UART_ErrorCallback	24	static
../Core/Src/main.c:821:16:Modem_Wait	32	static
../Core/Src/main.c:839:16:Modem_Command	32	static
../Core/Src/main.c:856:13:Modem_ServiceDelay	24	static
../Core/Src/main.c:866:13:Modem_RecordBootFailure	16	static
../Core/Src/main.c:877:16:Modem_TryAT	24	static
../Core/Src/main.c:887:16:Modem_IsRegistered	16	static
../Core/Src/main.c:896:16:Modem_Boot	120	static
../Core/Src/main.c:1025:13:Upload_CaptureFailure	24	static
../Core/Src/main.c:1035:13:QuarantineReadyFile	56	static
../Core/Src/main.c:1063:16:HTTP_PostFile	1592	static
../Core/Src/main.c:1201:13:Upload_OldestReady	344	static
../Core/Src/main.c:1284:13:Background_Service	8	static
../Core/Src/main.c:1291:13:Handle_ADSStartFailure	16	static
../Core/Src/main.c:1336:13:Handle_SDRecordStall	8	static
../Core/Src/main.c:1366:13:Run_SDRecoveryIfNeeded	48	static
../Core/Src/main.c:1394:13:Run_RecordPhase	40	static
../Core/Src/main.c:1478:13:Run_UploadPhase	16	static
../Core/Src/main.c:1514:13:Drain_UploadQueueBeforeNextRecord	16	static
../Core/Src/main.c:1545:5:main	8	static
../Core/Src/main.c:1577:6:SystemClock_Config	96	static
../Core/Src/main.c:1604:13:MX_I2C1_Init	8	static
../Core/Src/main.c:1620:13:MX_SDMMC1_SD_Init	8	static
../Core/Src/main.c:1634:13:MX_SPI1_Init	8	static
../Core/Src/main.c:1653:13:MX_USART1_UART_Init	8	static
../Core/Src/main.c:1668:13:MX_GPIO_Init	48	static
../Core/Src/main.c:1699:6:Error_Handler	4	static,ignoring_inline_asm
