../Core/Src/main.c:30:20:CS_LOW	1
../Core/Src/main.c:31:20:CS_HIGH	1
../Core/Src/main.c:34:13:ADS_SendCmd	1
../Core/Src/main.c:45:13:ADS_WriteReg	1
../Core/Src/main.c:57:16:ADS_ReadReg	1
../Core/Src/main.c:107:5:main	8
../Core/Src/main.c:276:6:SystemClock_Config	4
../Core/Src/main.c:311:13:MX_I2C1_Init	4
../Core/Src/main.c:327:13:MX_SDMMC1_SD_Init	3
../Core/Src/main.c:340:13:MX_SPI1_Init	2
../Core/Src/main.c:359:13:MX_USART1_UART_Init	2
../Core/Src/main.c:374:13:MX_GPIO_Init	1
../Core/Src/main.c:422:6:Error_Handler	1
