../Core/Src/main.c:154:16:IsReadyFileName	24	static
../Core/Src/main.c:168:20:ADS_CS	16	static
../Core/Src/main.c:174:13:ADS_Command	16	static
../Core/Src/main.c:182:13:ADS_WriteReg	24	static
../Core/Src/main.c:191:16:ADS_ReadReg	32	static
../Core/Src/main.c:202:26:ADS_ConfigureAndStartAttempt	8	static
../Core/Src/main.c:280:26:ADS_StartAcquisition	16	static
../Core/Src/main.c:305:13:ADS_StopAcquisition	8	static
../Core/Src/main.c:317:13:ADS_CaptureFromISR	64	static,ignoring_inline_asm
../Core/Src/main.c:355:6:HAL_GPIO_EXTI_Callback	16	static
../Core/Src/main.c:369:13:ADS_Service	16	static
../Core/Src/main.c:394:26:LIS3DH_Init	32	static
../Core/Src/main.c:405:13:LIS3DH_Service	40	static
../Core/Src/main.c:421:13:MakePath	32	static
../Core/Src/main.c:426:13:ReadyName	24	static
../Core/Src/main.c:431:16:Logger_OpenActive	48	static
../Core/Src/main.c:452:16:Logger_CloseAndQueue	104	static
../Core/Src/main.c:511:16:Logger_StartRecording	8	static
../Core/Src/main.c:517:16:SD_RemountForLogger	16	static
../Core/Src/main.c:541:16:Logger_SyncActiveFile	16	static
../Core/Src/main.c:553:16:Logger_StartRecordingWithRecovery	16	static
../Core/Src/main.c:566:16:Logger_FinalizeRecording	40	static
../Core/Src/main.c:584:13:Logger_Drain	192	static
../Core/Src/main.c:624:13:Logger_ScanQueue	352	static
../Core/Src/main.c:645:13:Logger_RecoverQueue	368	static
../Core/Src/main.c:676:16:FindOldestReady	384	static
../Core/Src/main.c:698:13:Modem_StopRx	8	static
../Core/Src/main.c:704:26:Modem_StartRx	16	static
../Core/Src/main.c:719:6:HAL_UART_RxCpltCallback	16	static
../Core/Src/main.c:731:6:HAL_UART_ErrorCallback	24	static
../Core/Src/main.c:743:16:Modem_Wait	32	static
../Core/Src/main.c:761:16:Modem_Command	32	static
../Core/Src/main.c:778:13:Modem_ServiceDelay	24	static
../Core/Src/main.c:788:13:Modem_RecordBootFailure	16	static
../Core/Src/main.c:799:16:Modem_TryAT	24	static
../Core/Src/main.c:809:16:Modem_IsRegistered	16	static
../Core/Src/main.c:818:16:Modem_Boot	120	static
../Core/Src/main.c:947:13:Upload_CaptureFailure	24	static
../Core/Src/main.c:957:13:QuarantineReadyFile	56	static
../Core/Src/main.c:985:16:HTTP_PostFile	1592	static
../Core/Src/main.c:1123:13:Upload_OldestReady	344	static
../Core/Src/main.c:1206:13:Background_Service	8	static
../Core/Src/main.c:1213:13:Run_RecordPhase	40	static
../Core/Src/main.c:1312:13:Run_UploadPhase	16	static
../Core/Src/main.c:1348:13:Drain_UploadQueueBeforeNextRecord	16	static
../Core/Src/main.c:1379:5:main	8	static
../Core/Src/main.c:1409:6:SystemClock_Config	96	static
../Core/Src/main.c:1436:13:MX_I2C1_Init	8	static
../Core/Src/main.c:1452:13:MX_SDMMC1_SD_Init	8	static
../Core/Src/main.c:1466:13:MX_SPI1_Init	8	static
../Core/Src/main.c:1485:13:MX_USART1_UART_Init	8	static
../Core/Src/main.c:1500:13:MX_GPIO_Init	48	static
../Core/Src/main.c:1531:6:Error_Handler	4	static,ignoring_inline_asm
